Traceback (most recent call last):
  File "/content/molsanity/molsanity/run_all.py", line 432, in main
    res = stage(
          ^^^^^^
  File "/content/molsanity/molsanity/pipeline.py", line 58, in stage
    payload = fn(out_dir)
              ^^^^^^^^^^^
  File "/content/molsanity/molsanity/run_all.py", line 435, in <lambda>
    run_cell(c, cs, s, log, ts),
    ^^^^^^^^^^^^^^^^^^^^^^^^^^^
  File "/content/molsanity/molsanity/run_all.py", line 143, in run_cell
    split = dataio.make_split(
            ^^^^^^^^^^^^^^^^^^
  File "/content/molsanity/molsanity/data/splits.py", line 170, in make_split
    return scaffold_split(dataset, **kwargs)
           ^^^^^^^^^^^^^^^^^^^^^^^^^^^^^^^^^
  File "/content/molsanity/molsanity/data/splits.py", line 69, in scaffold_split
    scaf = _murcko_scaffold_smiles(dataset[i])
           ^^^^^^^^^^^^^^^^^^^^^^^^^^^^^^^^^^^
  File "/content/molsanity/molsanity/data/splits.py", line 41, in _murcko_scaffold_smiles
    mol, _ = graph_to_mol(data)
             ^^^^^^^^^^^^^^^^^^
  File "/content/molsanity/molsanity/data/chem.py", line 76, in graph_to_mol
    atom_symbols = mutag_atom_symbols(data)
                   ^^^^^^^^^^^^^^^^^^^^^^^^
  File "/content/molsanity/molsanity/data/chem.py", line 61, in mutag_atom_symbols
    return [MUTAG_ATOMS[i] for i in idx]
            ~~~~~~~~~~~^^^
IndexError: list index out of range
