Traceback (most recent call last):
  File "/content/drive/MyDrive/molsanity_runs/molsanity/molsanity/run_all.py", line 195, in main
    res = stage(
          ^^^^^^
  File "/content/drive/MyDrive/molsanity_runs/molsanity/molsanity/pipeline.py", line 58, in stage
    payload = fn(out_dir)
              ^^^^^^^^^^^
  File "/content/drive/MyDrive/molsanity_runs/molsanity/molsanity/run_all.py", line 197, in <lambda>
    lambda _out, c=cell, s=split_kind: run_cell(c, cfg, s, log, ts),
                                       ^^^^^^^^^^^^^^^^^^^^^^^^^^^^
  File "/content/drive/MyDrive/molsanity_runs/molsanity/molsanity/run_all.py", line 82, in run_cell
    attributor = build_attributor(
                 ^^^^^^^^^^^^^^^^^
  File "/content/drive/MyDrive/molsanity_runs/molsanity/molsanity/attributors/__init__.py", line 26, in build_attributor
    return PGExplainerAttributor(
           ^^^^^^^^^^^^^^^^^^^^^^
  File "/content/drive/MyDrive/molsanity_runs/molsanity/molsanity/attributors/pg_explainer.py", line 52, in __init__
    self._train(train_graphs or [], max_train_graphs, seed)
  File "/content/drive/MyDrive/molsanity_runs/molsanity/molsanity/attributors/pg_explainer.py", line 89, in _train
    last = self._explainer.algorithm.train(
           ^^^^^^^^^^^^^^^^^^^^^^^^^^^^^^^^
  File "/usr/local/lib/python3.12/dist-packages/torch_geometric/explain/algorithm/pg_explainer.py", line 174, in train
    edge_mask = self._generate_edge_masks(node_embeddings, edge_index,
                ^^^^^^^^^^^^^^^^^^^^^^^^^^^^^^^^^^^^^^^^^^^^^^^^^^^^^^
  File "/usr/local/lib/python3.12/dist-packages/torch_geometric/explain/algorithm/pg_explainer.py", line 423, in _generate_edge_masks
    logits = self.mlp(inputs).view(-1)
             ^^^^^^^^^^^^^^^^
  File "/usr/local/lib/python3.12/dist-packages/torch/nn/modules/module.py", line 1779, in _wrapped_call_impl
    return self._call_impl(*args, **kwargs)
           ^^^^^^^^^^^^^^^^^^^^^^^^^^^^^^^^
  File "/usr/local/lib/python3.12/dist-packages/torch/nn/modules/module.py", line 1790, in _call_impl
    return forward_call(*args, **kwargs)
           ^^^^^^^^^^^^^^^^^^^^^^^^^^^^^
  File "/usr/local/lib/python3.12/dist-packages/torch/nn/modules/container.py", line 253, in forward
    input = module(input)
            ^^^^^^^^^^^^^
  File "/usr/local/lib/python3.12/dist-packages/torch/nn/modules/module.py", line 1779, in _wrapped_call_impl
    return self._call_impl(*args, **kwargs)
           ^^^^^^^^^^^^^^^^^^^^^^^^^^^^^^^^
  File "/usr/local/lib/python3.12/dist-packages/torch/nn/modules/module.py", line 1885, in _call_impl
    return inner()
           ^^^^^^^
  File "/usr/local/lib/python3.12/dist-packages/torch/nn/modules/module.py", line 1833, in inner
    result = forward_call(*args, **kwargs)
             ^^^^^^^^^^^^^^^^^^^^^^^^^^^^^
  File "/usr/local/lib/python3.12/dist-packages/torch_geometric/nn/dense/linear.py", line 127, in forward
    return F.linear(x, self.weight, self.bias)
           ^^^^^^^^^^^^^^^^^^^^^^^^^^^^^^^^^^^
RuntimeError: Expected all tensors to be on the same device, but got mat1 is on cuda:0, different from other tensors on cpu (when checking argument in method wrapper_CUDA_addmm)
