Traceback (most recent call last):
  File "/content/drive/MyDrive/molsanity_runs/molsanity/molsanity/run_all.py", line 195, in main
    res = stage(
          ^^^^^^
  File "/content/drive/MyDrive/molsanity_runs/molsanity/molsanity/pipeline.py", line 58, in stage
    payload = fn(out_dir)
              ^^^^^^^^^^^
  File "/content/drive/MyDrive/molsanity_runs/molsanity/molsanity/run_all.py", line 197, in <lambda>
    lambda _out, c=cell, s=split_kind: run_cell(c, cfg, s, log, ts),
                                       ^^^^^^^^^^^^^^^^^^^^^^^^^^^^
  File "/content/drive/MyDrive/molsanity_runs/molsanity/molsanity/run_all.py", line 73, in run_cell
    model, train_res = train_model(
                       ^^^^^^^^^^^^
  File "/content/drive/MyDrive/molsanity_runs/molsanity/molsanity/models/train.py", line 233, in train_model
    best_state, best_monitor, best_epoch, history = _train_epochs(
                                                    ^^^^^^^^^^^^^^
  File "/content/drive/MyDrive/molsanity_runs/molsanity/molsanity/models/train.py", line 110, in _train_epochs
    out = model(batch.x, batch.edge_index, batch.edge_attr, batch.batch)
          ^^^^^^^^^^^^^^^^^^^^^^^^^^^^^^^^^^^^^^^^^^^^^^^^^^^^^^^^^^^^^^
  File "/usr/local/lib/python3.12/dist-packages/torch/nn/modules/module.py", line 1779, in _wrapped_call_impl
    return self._call_impl(*args, **kwargs)
           ^^^^^^^^^^^^^^^^^^^^^^^^^^^^^^^^
  File "/usr/local/lib/python3.12/dist-packages/torch/nn/modules/module.py", line 1790, in _call_impl
    return forward_call(*args, **kwargs)
           ^^^^^^^^^^^^^^^^^^^^^^^^^^^^^
  File "/content/drive/MyDrive/molsanity_runs/molsanity/molsanity/models/gine.py", line 75, in forward
    h = conv(h, edge_index, e)
        ^^^^^^^^^^^^^^^^^^^^^^
  File "/usr/local/lib/python3.12/dist-packages/torch/nn/modules/module.py", line 1779, in _wrapped_call_impl
    return self._call_impl(*args, **kwargs)
           ^^^^^^^^^^^^^^^^^^^^^^^^^^^^^^^^
  File "/usr/local/lib/python3.12/dist-packages/torch/nn/modules/module.py", line 1790, in _call_impl
    return forward_call(*args, **kwargs)
           ^^^^^^^^^^^^^^^^^^^^^^^^^^^^^
  File "/usr/local/lib/python3.12/dist-packages/torch_geometric/nn/conv/gin_conv.py", line 187, in forward
    out = self.propagate(edge_index, x=x, edge_attr=edge_attr, size=size)
          ^^^^^^^^^^^^^^^^^^^^^^^^^^^^^^^^^^^^^^^^^^^^^^^^^^^^^^^^^^^^^^^
  File "/tmp/torch_geometric.nn.conv.gin_conv_GINEConv_propagate_6jvupxmw.py", line 183, in propagate
    out = self.message(
          ^^^^^^^^^^^^^
  File "/usr/local/lib/python3.12/dist-packages/torch_geometric/nn/conv/gin_conv.py", line 202, in message
    edge_attr = self.lin(edge_attr)
                ^^^^^^^^^^^^^^^^^^^
  File "/usr/local/lib/python3.12/dist-packages/torch/nn/modules/module.py", line 1779, in _wrapped_call_impl
    return self._call_impl(*args, **kwargs)
           ^^^^^^^^^^^^^^^^^^^^^^^^^^^^^^^^
  File "/usr/local/lib/python3.12/dist-packages/torch/nn/modules/module.py", line 1790, in _call_impl
    return forward_call(*args, **kwargs)
           ^^^^^^^^^^^^^^^^^^^^^^^^^^^^^
  File "/usr/local/lib/python3.12/dist-packages/torch_geometric/nn/dense/linear.py", line 127, in forward
    return F.linear(x, self.weight, self.bias)
           ^^^^^^^^^^^^^^^^^^^^^^^^^^^^^^^^^^^
TypeError: linear(): argument 'input' (position 1) must be Tensor, not NoneType
