Traceback (most recent call last):
  File "/content/molsanity/molsanity/run_all.py", line 272, in main
    res = stage(
          ^^^^^^
  File "/content/molsanity/molsanity/pipeline.py", line 58, in stage
    payload = fn(out_dir)
              ^^^^^^^^^^^
  File "/content/molsanity/molsanity/run_all.py", line 275, in <lambda>
    run_cell(c, cs, s, log, ts),
    ^^^^^^^^^^^^^^^^^^^^^^^^^^^
  File "/content/molsanity/molsanity/run_all.py", line 175, in run_cell
    attribution = attributor.attribute(g)
                  ^^^^^^^^^^^^^^^^^^^^^^^
  File "/content/molsanity/molsanity/attributors/base.py", line 122, in attribute
    explanation = self._explainer(
                  ^^^^^^^^^^^^^^^^
  File "/usr/local/lib/python3.12/dist-packages/torch_geometric/explain/explainer.py", line 205, in __call__
    explanation = self.algorithm(
                  ^^^^^^^^^^^^^^^
  File "/usr/local/lib/python3.12/dist-packages/torch/nn/modules/module.py", line 1779, in _wrapped_call_impl
    return self._call_impl(*args, **kwargs)
           ^^^^^^^^^^^^^^^^^^^^^^^^^^^^^^^^
  File "/usr/local/lib/python3.12/dist-packages/torch/nn/modules/module.py", line 1790, in _call_impl
    return forward_call(*args, **kwargs)
           ^^^^^^^^^^^^^^^^^^^^^^^^^^^^^
  File "/usr/local/lib/python3.12/dist-packages/torch_geometric/explain/algorithm/captum_explainer.py", line 171, in forward
    attributions = self.attribution_method_instance.attribute(
                   ^^^^^^^^^^^^^^^^^^^^^^^^^^^^^^^^^^^^^^^^^^^
  File "/usr/local/lib/python3.12/dist-packages/captum/attr/_core/integrated_gradients.py", line 278, in attribute
    grads = _batched_operator(
            ^^^^^^^^^^^^^^^^^^
  File "/usr/local/lib/python3.12/dist-packages/captum/attr/_utils/batching.py", line 157, in _batched_operator
    operator(
  File "/usr/local/lib/python3.12/dist-packages/captum/attr/_utils/gradient.py", line 96, in compute_gradients
    outputs = _run_forward(forward_fn, inputs, target_ind, additional_forward_args)
              ^^^^^^^^^^^^^^^^^^^^^^^^^^^^^^^^^^^^^^^^^^^^^^^^^^^^^^^^^^^^^^^^^^^^^
  File "/usr/local/lib/python3.12/dist-packages/captum/attr/_utils/common.py", line 500, in _run_forward
    output = forward_func(
             ^^^^^^^^^^^^^
  File "/usr/local/lib/python3.12/dist-packages/torch/nn/modules/module.py", line 1779, in _wrapped_call_impl
    return self._call_impl(*args, **kwargs)
           ^^^^^^^^^^^^^^^^^^^^^^^^^^^^^^^^
  File "/usr/local/lib/python3.12/dist-packages/torch/nn/modules/module.py", line 1790, in _call_impl
    return forward_call(*args, **kwargs)
           ^^^^^^^^^^^^^^^^^^^^^^^^^^^^^
  File "/usr/local/lib/python3.12/dist-packages/torch_geometric/explain/algorithm/captum.py", line 65, in forward
    set_masks(self.model, args[0].squeeze(0), args[1],
  File "/usr/local/lib/python3.12/dist-packages/torch_geometric/explain/algorithm/utils.py", line 18, in set_masks
    loop_mask = edge_index[0] != edge_index[1]
                                 ~~~~~~~~~~^^^
IndexError: index 1 is out of bounds for dimension 0 with size 1
