2026-07-30 16:42:54,042 | INFO    | molsanity | === MolSanity run: full.yaml (seed=0) ===
2026-07-30 16:43:01,631 | INFO    | molsanity | [stage cell_SynthMotifs__GINE__IntegratedGradients__scaffold] cache hit (fba575de0397d1a2) — skipping
2026-07-30 16:43:01,631 | INFO    | molsanity | [cell SynthMotifs__GINE__IntegratedGradients__scaffold] DONE — acc=0.95 gt_auroc=0.9011999999999999 n=20 (capped) [cached]
2026-07-30 16:43:04,928 | INFO    | molsanity | [stage cell_SynthMotifs__GINE__IntegratedGradients__random] cache hit (e26d99535fc29e1f) — skipping
2026-07-30 16:43:04,928 | INFO    | molsanity | [cell SynthMotifs__GINE__IntegratedGradients__random] DONE — acc=1.00 gt_auroc=0.998 n=20 (capped) [cached]
2026-07-30 16:43:06,523 | INFO    | molsanity | [stage cell_SynthMotifs__GINE__Saliency__scaffold] cache hit (d052fcaa872b43af) — skipping
2026-07-30 16:43:06,523 | INFO    | molsanity | [cell SynthMotifs__GINE__Saliency__scaffold] DONE — acc=0.95 gt_auroc=0.9752000000000001 n=20 (capped) [cached]
2026-07-30 16:43:07,842 | INFO    | molsanity | [stage cell_SynthMotifs__GINE__Saliency__random] cache hit (8f1b1ca978d02c61) — skipping
2026-07-30 16:43:07,842 | INFO    | molsanity | [cell SynthMotifs__GINE__Saliency__random] DONE — acc=1.00 gt_auroc=0.9992000000000001 n=20 (capped) [cached]
2026-07-30 16:43:09,457 | INFO    | molsanity | [stage cell_SynthMotifs__GINE__InputXGradient__scaffold] cache hit (ebbe13f02b0c44ab) — skipping
2026-07-30 16:43:09,457 | INFO    | molsanity | [cell SynthMotifs__GINE__InputXGradient__scaffold] DONE — acc=0.95 gt_auroc=0.9683999999999999 n=20 (capped) [cached]
2026-07-30 16:43:11,151 | INFO    | molsanity | [stage cell_SynthMotifs__GINE__InputXGradient__random] cache hit (14f9641c4a228337) — skipping
2026-07-30 16:43:11,152 | INFO    | molsanity | [cell SynthMotifs__GINE__InputXGradient__random] DONE — acc=1.00 gt_auroc=0.9916 n=20 (capped) [cached]
2026-07-30 16:43:13,111 | INFO    | molsanity | [stage cell_SynthMotifs__GINE__GuidedBackprop__scaffold] cache hit (92fa24d1e316e843) — skipping
2026-07-30 16:43:13,112 | INFO    | molsanity | [cell SynthMotifs__GINE__GuidedBackprop__scaffold] DONE — acc=0.95 gt_auroc=0.9279999999999999 n=20 (capped) [cached]
2026-07-30 16:43:14,877 | INFO    | molsanity | [stage cell_SynthMotifs__GINE__GuidedBackprop__random] cache hit (e5133dc16faa5e3d) — skipping
2026-07-30 16:43:14,878 | INFO    | molsanity | [cell SynthMotifs__GINE__GuidedBackprop__random] DONE — acc=1.00 gt_auroc=1.0 n=20 (capped) [cached]
2026-07-30 16:43:16,701 | INFO    | molsanity | [stage cell_SynthMotifs__GINE__GNNExplainer__scaffold] cache hit (7ba996dd6a4b7e9f) — skipping
2026-07-30 16:43:16,702 | INFO    | molsanity | [cell SynthMotifs__GINE__GNNExplainer__scaffold] DONE — acc=0.95 gt_auroc=0.6680000000000001 n=20 (capped) [cached]
2026-07-30 16:43:18,655 | INFO    | molsanity | [stage cell_SynthMotifs__GINE__GNNExplainer__random] cache hit (6126ffcb1146f4d5) — skipping
2026-07-30 16:43:18,656 | INFO    | molsanity | [cell SynthMotifs__GINE__GNNExplainer__random] DONE — acc=1.00 gt_auroc=0.4744 n=20 (capped) [cached]
2026-07-30 16:43:18,668 | INFO    | molsanity | [stage cell_SynthMotifs__GINE__PGExplainer__scaffold] running (9f7d4583b76a142b)
2026-07-30 16:43:45,812 | INFO    | molsanity | Generated SynthMotifs: 200 graphs (house/cycle), exact node GT
2026-07-30 16:43:47,595 | INFO    | molsanity | Loaded SynthMotifs: 200 graphs, checksum 30b91fad87ac
2026-07-30 16:43:48,171 | INFO    | molsanity | Scaffold split: 200 scaffolds -> train 160 / val 20 / test 20
2026-07-30 16:43:50,250 | INFO    | molsanity | Loaded existing checkpoint gine_5281be77a9e8e1fc.pt
2026-07-30 16:43:52,673 | ERROR   | molsanity | [cell SynthMotifs__GINE__PGExplainer__scaffold] FAILED — Expected all tensors to be on the same device, but got mat1 is on cuda:0, different from other tensors on cpu (when checking argument in method wrapper_CUDA_addmm) (traceback -> logs/error_SynthMotifs__GINE__PGExplainer__scaffold_20260730_164248.log)
2026-07-30 16:43:52,701 | INFO    | molsanity | [stage cell_SynthMotifs__GINE__PGExplainer__random] running (55d160fe911fe15e)
2026-07-30 16:43:53,067 | INFO    | molsanity | Generated SynthMotifs: 200 graphs (house/cycle), exact node GT
2026-07-30 16:43:53,080 | INFO    | molsanity | Loaded SynthMotifs: 200 graphs, checksum 30b91fad87ac
2026-07-30 16:43:54,049 | INFO    | molsanity | Loaded existing checkpoint gine_81524887c7adee3c.pt
2026-07-30 16:43:54,077 | ERROR   | molsanity | [cell SynthMotifs__GINE__PGExplainer__random] FAILED — Expected all tensors to be on the same device, but got mat1 is on cuda:0, different from other tensors on cpu (when checking argument in method wrapper_CUDA_addmm) (traceback -> logs/error_SynthMotifs__GINE__PGExplainer__random_20260730_164248.log)
2026-07-30 16:43:55,862 | INFO    | molsanity | [stage cell_SynthMotifs__GCN__IntegratedGradients__scaffold] cache hit (fa4e2731684c208c) — skipping
2026-07-30 16:43:55,862 | INFO    | molsanity | [cell SynthMotifs__GCN__IntegratedGradients__scaffold] DONE — acc=0.70 gt_auroc=0.9867999999999999 n=20 (capped) [cached]
2026-07-30 16:43:57,692 | INFO    | molsanity | [stage cell_SynthMotifs__GCN__IntegratedGradients__random] cache hit (a1e311ad44f00922) — skipping
2026-07-30 16:43:57,692 | INFO    | molsanity | [cell SynthMotifs__GCN__IntegratedGradients__random] DONE — acc=0.60 gt_auroc=0.4796 n=20 (capped) [cached]
2026-07-30 16:43:59,610 | INFO    | molsanity | [stage cell_SynthMotifs__GAT__IntegratedGradients__scaffold] cache hit (4ab32a49eed2eec9) — skipping
2026-07-30 16:43:59,610 | INFO    | molsanity | [cell SynthMotifs__GAT__IntegratedGradients__scaffold] DONE — acc=0.95 gt_auroc=0.5916 n=20 (capped) [cached]
2026-07-30 16:44:01,410 | INFO    | molsanity | [stage cell_SynthMotifs__GAT__IntegratedGradients__random] cache hit (a7f55c09b1626a4e) — skipping
2026-07-30 16:44:01,410 | INFO    | molsanity | [cell SynthMotifs__GAT__IntegratedGradients__random] DONE — acc=1.00 gt_auroc=0.8739999999999999 n=20 (capped) [cached]
2026-07-30 16:44:03,225 | INFO    | molsanity | [stage cell_SynthMotifs__MPNN__IntegratedGradients__scaffold] cache hit (e7603a1451efb5b1) — skipping
2026-07-30 16:44:03,226 | INFO    | molsanity | [cell SynthMotifs__MPNN__IntegratedGradients__scaffold] DONE — acc=0.65 gt_auroc=0.7116 n=20 (capped) [cached]
2026-07-30 16:44:05,073 | INFO    | molsanity | [stage cell_SynthMotifs__MPNN__IntegratedGradients__random] cache hit (d165f5b1272d72b6) — skipping
2026-07-30 16:44:05,073 | INFO    | molsanity | [cell SynthMotifs__MPNN__IntegratedGradients__random] DONE — acc=1.00 gt_auroc=0.8388 n=20 (capped) [cached]
2026-07-30 16:44:06,883 | INFO    | molsanity | [stage cell_SynthMotifs__AttentiveFP__IntegratedGradients__scaffold] cache hit (065284d0592ebfc5) — skipping
2026-07-30 16:44:06,883 | INFO    | molsanity | [cell SynthMotifs__AttentiveFP__IntegratedGradients__scaffold] DONE — acc=0.85 gt_auroc=0.8856000000000002 n=20 (capped) [cached]
2026-07-30 16:44:08,451 | INFO    | molsanity | [stage cell_SynthMotifs__AttentiveFP__IntegratedGradients__random] cache hit (85d9fc9af12620c6) — skipping
2026-07-30 16:44:08,451 | INFO    | molsanity | [cell SynthMotifs__AttentiveFP__IntegratedGradients__random] DONE — acc=1.00 gt_auroc=0.7156 n=20 (capped) [cached]
2026-07-30 16:44:08,468 | INFO    | molsanity | [stage cell_MUTAG__GINE__IntegratedGradients__scaffold] running (2f8f102a194c4ba1)
2026-07-30 16:44:08,532 | INFO    | molsanity | Loaded MUTAG: 188 graphs, checksum de1d4cec357f
2026-07-30 16:44:08,815 | INFO    | molsanity | Scaffold split: 52 scaffolds -> train 150 / val 18 / test 20
2026-07-30 16:44:09,783 | INFO    | molsanity | Loaded existing checkpoint gine_5281be77a9e8e1fc.pt
2026-07-30 16:44:13,811 | ERROR   | molsanity | [cell MUTAG__GINE__IntegratedGradients__scaffold] FAILED — can't convert cuda:0 device type tensor to numpy. Use Tensor.cpu() to copy the tensor to host memory first. (traceback -> logs/error_MUTAG__GINE__IntegratedGradients__scaffold_20260730_164248.log)
2026-07-30 16:44:13,824 | INFO    | molsanity | [stage cell_MUTAG__GINE__IntegratedGradients__random] running (f70a6756ec930eef)
2026-07-30 16:44:13,866 | INFO    | molsanity | Loaded MUTAG: 188 graphs, checksum de1d4cec357f
2026-07-30 16:44:14,868 | INFO    | molsanity | Loaded existing checkpoint gine_81524887c7adee3c.pt
2026-07-30 16:44:15,963 | ERROR   | molsanity | [cell MUTAG__GINE__IntegratedGradients__random] FAILED — can't convert cuda:0 device type tensor to numpy. Use Tensor.cpu() to copy the tensor to host memory first. (traceback -> logs/error_MUTAG__GINE__IntegratedGradients__random_20260730_164248.log)
2026-07-30 16:44:15,976 | INFO    | molsanity | [stage cell_MUTAG__GINE__Saliency__scaffold] running (1219d43dd74952fa)
2026-07-30 16:44:16,031 | INFO    | molsanity | Loaded MUTAG: 188 graphs, checksum de1d4cec357f
2026-07-30 16:44:16,316 | INFO    | molsanity | Scaffold split: 52 scaffolds -> train 150 / val 18 / test 20
2026-07-30 16:44:16,336 | INFO    | molsanity | Loaded existing checkpoint gine_5281be77a9e8e1fc.pt
2026-07-30 16:44:16,389 | ERROR   | molsanity | [cell MUTAG__GINE__Saliency__scaffold] FAILED — can't convert cuda:0 device type tensor to numpy. Use Tensor.cpu() to copy the tensor to host memory first. (traceback -> logs/error_MUTAG__GINE__Saliency__scaffold_20260730_164248.log)
2026-07-30 16:44:16,402 | INFO    | molsanity | [stage cell_MUTAG__GINE__Saliency__random] running (fd574b34687d413c)
2026-07-30 16:44:16,443 | INFO    | molsanity | Loaded MUTAG: 188 graphs, checksum de1d4cec357f
2026-07-30 16:44:16,466 | INFO    | molsanity | Loaded existing checkpoint gine_81524887c7adee3c.pt
2026-07-30 16:44:16,517 | ERROR   | molsanity | [cell MUTAG__GINE__Saliency__random] FAILED — can't convert cuda:0 device type tensor to numpy. Use Tensor.cpu() to copy the tensor to host memory first. (traceback -> logs/error_MUTAG__GINE__Saliency__random_20260730_164248.log)
2026-07-30 16:44:16,529 | INFO    | molsanity | [stage cell_MUTAG__GINE__InputXGradient__scaffold] running (1000094c6670922c)
2026-07-30 16:44:16,569 | INFO    | molsanity | Loaded MUTAG: 188 graphs, checksum de1d4cec357f
2026-07-30 16:44:16,851 | INFO    | molsanity | Scaffold split: 52 scaffolds -> train 150 / val 18 / test 20
2026-07-30 16:44:16,871 | INFO    | molsanity | Loaded existing checkpoint gine_5281be77a9e8e1fc.pt
2026-07-30 16:44:16,922 | ERROR   | molsanity | [cell MUTAG__GINE__InputXGradient__scaffold] FAILED — can't convert cuda:0 device type tensor to numpy. Use Tensor.cpu() to copy the tensor to host memory first. (traceback -> logs/error_MUTAG__GINE__InputXGradient__scaffold_20260730_164248.log)
2026-07-30 16:44:16,950 | INFO    | molsanity | [stage cell_MUTAG__GINE__InputXGradient__random] running (7b05f06f4bc7618c)
2026-07-30 16:44:16,993 | INFO    | molsanity | Loaded MUTAG: 188 graphs, checksum de1d4cec357f
2026-07-30 16:44:17,017 | INFO    | molsanity | Loaded existing checkpoint gine_81524887c7adee3c.pt
2026-07-30 16:44:17,070 | ERROR   | molsanity | [cell MUTAG__GINE__InputXGradient__random] FAILED — can't convert cuda:0 device type tensor to numpy. Use Tensor.cpu() to copy the tensor to host memory first. (traceback -> logs/error_MUTAG__GINE__InputXGradient__random_20260730_164248.log)
2026-07-30 16:44:17,086 | INFO    | molsanity | [stage cell_MUTAG__GINE__GuidedBackprop__scaffold] running (f0c27476289e8641)
2026-07-30 16:44:17,130 | INFO    | molsanity | Loaded MUTAG: 188 graphs, checksum de1d4cec357f
2026-07-30 16:44:17,414 | INFO    | molsanity | Scaffold split: 52 scaffolds -> train 150 / val 18 / test 20
2026-07-30 16:44:17,434 | INFO    | molsanity | Loaded existing checkpoint gine_5281be77a9e8e1fc.pt
2026-07-30 16:44:17,489 | ERROR   | molsanity | [cell MUTAG__GINE__GuidedBackprop__scaffold] FAILED — can't convert cuda:0 device type tensor to numpy. Use Tensor.cpu() to copy the tensor to host memory first. (traceback -> logs/error_MUTAG__GINE__GuidedBackprop__scaffold_20260730_164248.log)
2026-07-30 16:44:17,504 | INFO    | molsanity | [stage cell_MUTAG__GINE__GuidedBackprop__random] running (6aefd37feb66badc)
2026-07-30 16:44:17,549 | INFO    | molsanity | Loaded MUTAG: 188 graphs, checksum de1d4cec357f
2026-07-30 16:44:17,571 | INFO    | molsanity | Loaded existing checkpoint gine_81524887c7adee3c.pt
2026-07-30 16:44:17,639 | ERROR   | molsanity | [cell MUTAG__GINE__GuidedBackprop__random] FAILED — can't convert cuda:0 device type tensor to numpy. Use Tensor.cpu() to copy the tensor to host memory first. (traceback -> logs/error_MUTAG__GINE__GuidedBackprop__random_20260730_164248.log)
2026-07-30 16:44:17,652 | INFO    | molsanity | [stage cell_MUTAG__GINE__GNNExplainer__scaffold] running (f64156fd045b5f38)
2026-07-30 16:44:17,693 | INFO    | molsanity | Loaded MUTAG: 188 graphs, checksum de1d4cec357f
2026-07-30 16:44:17,976 | INFO    | molsanity | Scaffold split: 52 scaffolds -> train 150 / val 18 / test 20
2026-07-30 16:44:17,995 | INFO    | molsanity | Loaded existing checkpoint gine_5281be77a9e8e1fc.pt
2026-07-30 16:44:19,239 | ERROR   | molsanity | [cell MUTAG__GINE__GNNExplainer__scaffold] FAILED — can't convert cuda:0 device type tensor to numpy. Use Tensor.cpu() to copy the tensor to host memory first. (traceback -> logs/error_MUTAG__GINE__GNNExplainer__scaffold_20260730_164248.log)
2026-07-30 16:44:19,252 | INFO    | molsanity | [stage cell_MUTAG__GINE__GNNExplainer__random] running (f3a5f25f941381a1)
2026-07-30 16:44:19,295 | INFO    | molsanity | Loaded MUTAG: 188 graphs, checksum de1d4cec357f
2026-07-30 16:44:19,319 | INFO    | molsanity | Loaded existing checkpoint gine_81524887c7adee3c.pt
2026-07-30 16:44:20,341 | ERROR   | molsanity | [cell MUTAG__GINE__GNNExplainer__random] FAILED — can't convert cuda:0 device type tensor to numpy. Use Tensor.cpu() to copy the tensor to host memory first. (traceback -> logs/error_MUTAG__GINE__GNNExplainer__random_20260730_164248.log)
2026-07-30 16:44:20,369 | INFO    | molsanity | [stage cell_MUTAG__GINE__PGExplainer__scaffold] running (0cae73e24d06ee63)
2026-07-30 16:44:20,411 | INFO    | molsanity | Loaded MUTAG: 188 graphs, checksum de1d4cec357f
2026-07-30 16:44:20,695 | INFO    | molsanity | Scaffold split: 52 scaffolds -> train 150 / val 18 / test 20
2026-07-30 16:44:20,715 | INFO    | molsanity | Loaded existing checkpoint gine_5281be77a9e8e1fc.pt
2026-07-30 16:44:20,743 | ERROR   | molsanity | [cell MUTAG__GINE__PGExplainer__scaffold] FAILED — Expected all tensors to be on the same device, but got mat1 is on cuda:0, different from other tensors on cpu (when checking argument in method wrapper_CUDA_addmm) (traceback -> logs/error_MUTAG__GINE__PGExplainer__scaffold_20260730_164248.log)
2026-07-30 16:44:20,756 | INFO    | molsanity | [stage cell_MUTAG__GINE__PGExplainer__random] running (514ec998fb07d481)
2026-07-30 16:44:20,797 | INFO    | molsanity | Loaded MUTAG: 188 graphs, checksum de1d4cec357f
2026-07-30 16:44:20,821 | INFO    | molsanity | Loaded existing checkpoint gine_81524887c7adee3c.pt
2026-07-30 16:44:20,850 | ERROR   | molsanity | [cell MUTAG__GINE__PGExplainer__random] FAILED — Expected all tensors to be on the same device, but got mat1 is on cuda:0, different from other tensors on cpu (when checking argument in method wrapper_CUDA_addmm) (traceback -> logs/error_MUTAG__GINE__PGExplainer__random_20260730_164248.log)
2026-07-30 16:44:20,864 | INFO    | molsanity | [stage cell_MUTAG__GCN__IntegratedGradients__scaffold] running (595ceb6d48b66afa)
2026-07-30 16:44:20,906 | INFO    | molsanity | Loaded MUTAG: 188 graphs, checksum de1d4cec357f
2026-07-30 16:44:21,194 | INFO    | molsanity | Scaffold split: 52 scaffolds -> train 150 / val 18 / test 20
2026-07-30 16:44:22,192 | INFO    | molsanity | Loaded existing checkpoint gcn_d9216bef68cf8971.pt
2026-07-30 16:44:23,652 | ERROR   | molsanity | [cell MUTAG__GCN__IntegratedGradients__scaffold] FAILED — can't convert cuda:0 device type tensor to numpy. Use Tensor.cpu() to copy the tensor to host memory first. (traceback -> logs/error_MUTAG__GCN__IntegratedGradients__scaffold_20260730_164248.log)
2026-07-30 16:44:23,664 | INFO    | molsanity | [stage cell_MUTAG__GCN__IntegratedGradients__random] running (d36d270e44466607)
2026-07-30 16:44:23,705 | INFO    | molsanity | Loaded MUTAG: 188 graphs, checksum de1d4cec357f
2026-07-30 16:44:24,607 | INFO    | molsanity | Loaded existing checkpoint gcn_604a180f83e0893f.pt
2026-07-30 16:44:26,108 | ERROR   | molsanity | [cell MUTAG__GCN__IntegratedGradients__random] FAILED — can't convert cuda:0 device type tensor to numpy. Use Tensor.cpu() to copy the tensor to host memory first. (traceback -> logs/error_MUTAG__GCN__IntegratedGradients__random_20260730_164248.log)
2026-07-30 16:44:26,120 | INFO    | molsanity | [stage cell_MUTAG__GAT__IntegratedGradients__scaffold] running (e581b4cd2b42da4b)
2026-07-30 16:44:26,161 | INFO    | molsanity | Loaded MUTAG: 188 graphs, checksum de1d4cec357f
2026-07-30 16:44:26,444 | INFO    | molsanity | Scaffold split: 52 scaffolds -> train 150 / val 18 / test 20
2026-07-30 16:44:27,457 | INFO    | molsanity | Loaded existing checkpoint gat_2224546572f492f6.pt
2026-07-30 16:44:29,819 | ERROR   | molsanity | [cell MUTAG__GAT__IntegratedGradients__scaffold] FAILED — can't convert cuda:0 device type tensor to numpy. Use Tensor.cpu() to copy the tensor to host memory first. (traceback -> logs/error_MUTAG__GAT__IntegratedGradients__scaffold_20260730_164248.log)
2026-07-30 16:44:29,849 | INFO    | molsanity | [stage cell_MUTAG__GAT__IntegratedGradients__random] running (a00671ec747387cd)
2026-07-30 16:44:29,891 | INFO    | molsanity | Loaded MUTAG: 188 graphs, checksum de1d4cec357f
2026-07-30 16:44:30,759 | INFO    | molsanity | Loaded existing checkpoint gat_d5ce67978fe34ff0.pt
2026-07-30 16:44:32,494 | ERROR   | molsanity | [cell MUTAG__GAT__IntegratedGradients__random] FAILED — can't convert cuda:0 device type tensor to numpy. Use Tensor.cpu() to copy the tensor to host memory first. (traceback -> logs/error_MUTAG__GAT__IntegratedGradients__random_20260730_164248.log)
2026-07-30 16:44:32,507 | INFO    | molsanity | [stage cell_MUTAG__MPNN__IntegratedGradients__scaffold] running (20f5622d6b99a027)
2026-07-30 16:44:32,550 | INFO    | molsanity | Loaded MUTAG: 188 graphs, checksum de1d4cec357f
2026-07-30 16:44:32,832 | INFO    | molsanity | Scaffold split: 52 scaffolds -> train 150 / val 18 / test 20
2026-07-30 16:44:36,328 | INFO    | molsanity | Loaded existing checkpoint mpnn_b28164e08cc2ab85.pt
2026-07-30 16:44:38,764 | ERROR   | molsanity | [cell MUTAG__MPNN__IntegratedGradients__scaffold] FAILED — can't convert cuda:0 device type tensor to numpy. Use Tensor.cpu() to copy the tensor to host memory first. (traceback -> logs/error_MUTAG__MPNN__IntegratedGradients__scaffold_20260730_164248.log)
2026-07-30 16:44:38,776 | INFO    | molsanity | [stage cell_MUTAG__MPNN__IntegratedGradients__random] running (d06a084afa663d8c)
2026-07-30 16:44:38,832 | INFO    | molsanity | Loaded MUTAG: 188 graphs, checksum de1d4cec357f
2026-07-30 16:44:41,031 | INFO    | molsanity | Loaded existing checkpoint mpnn_5fb3b98dab354a6c.pt
2026-07-30 16:44:43,173 | ERROR   | molsanity | [cell MUTAG__MPNN__IntegratedGradients__random] FAILED — can't convert cuda:0 device type tensor to numpy. Use Tensor.cpu() to copy the tensor to host memory first. (traceback -> logs/error_MUTAG__MPNN__IntegratedGradients__random_20260730_164248.log)
2026-07-30 16:44:43,186 | INFO    | molsanity | [stage cell_MUTAG__AttentiveFP__IntegratedGradients__scaffold] running (8eaa9e083770f17b)
2026-07-30 16:44:43,228 | INFO    | molsanity | Loaded MUTAG: 188 graphs, checksum de1d4cec357f
2026-07-30 16:44:43,514 | INFO    | molsanity | Scaffold split: 52 scaffolds -> train 150 / val 18 / test 20
2026-07-30 16:44:44,455 | INFO    | molsanity | Loaded existing checkpoint attentivefp_edbf3eb9f79c130a.pt
2026-07-30 16:44:46,669 | ERROR   | molsanity | [cell MUTAG__AttentiveFP__IntegratedGradients__scaffold] FAILED — can't convert cuda:0 device type tensor to numpy. Use Tensor.cpu() to copy the tensor to host memory first. (traceback -> logs/error_MUTAG__AttentiveFP__IntegratedGradients__scaffold_20260730_164248.log)
2026-07-30 16:44:46,682 | INFO    | molsanity | [stage cell_MUTAG__AttentiveFP__IntegratedGradients__random] running (a2f9418a8676359f)
2026-07-30 16:44:46,722 | INFO    | molsanity | Loaded MUTAG: 188 graphs, checksum de1d4cec357f
2026-07-30 16:44:47,440 | INFO    | molsanity | Loaded existing checkpoint attentivefp_82744bcba3c1d6f0.pt
2026-07-30 16:44:49,593 | ERROR   | molsanity | [cell MUTAG__AttentiveFP__IntegratedGradients__random] FAILED — can't convert cuda:0 device type tensor to numpy. Use Tensor.cpu() to copy the tensor to host memory first. (traceback -> logs/error_MUTAG__AttentiveFP__IntegratedGradients__random_20260730_164248.log)
2026-07-30 16:44:51,332 | INFO    | molsanity | [stage cell_BBBP__GINE__IntegratedGradients__scaffold] cache hit (b0eeac2093ebaa45) — skipping
2026-07-30 16:44:51,333 | INFO    | molsanity | [cell BBBP__GINE__IntegratedGradients__scaffold] DONE — acc=0.95 gt_auroc=nan n=100 (capped) [cached]
2026-07-30 16:44:52,834 | INFO    | molsanity | [stage cell_BBBP__GINE__IntegratedGradients__random] cache hit (1ea83cc1bc1c7ab8) — skipping
2026-07-30 16:44:52,834 | INFO    | molsanity | [cell BBBP__GINE__IntegratedGradients__random] DONE — acc=0.82 gt_auroc=nan n=100 (capped) [cached]
2026-07-30 16:44:54,629 | INFO    | molsanity | [stage cell_BBBP__GCN__IntegratedGradients__scaffold] cache hit (a27b541a0f37046f) — skipping
2026-07-30 16:44:54,630 | INFO    | molsanity | [cell BBBP__GCN__IntegratedGradients__scaffold] DONE — acc=0.98 gt_auroc=nan n=100 (capped) [cached]
2026-07-30 16:44:56,597 | INFO    | molsanity | [stage cell_BBBP__GCN__IntegratedGradients__random] cache hit (f437ea82ff469f68) — skipping
2026-07-30 16:44:56,597 | INFO    | molsanity | [cell BBBP__GCN__IntegratedGradients__random] DONE — acc=0.79 gt_auroc=nan n=100 (capped) [cached]
2026-07-30 16:44:58,205 | INFO    | molsanity | [stage cell_BBBP__GAT__IntegratedGradients__scaffold] cache hit (67bbc70838bcc886) — skipping
2026-07-30 16:44:58,205 | INFO    | molsanity | [cell BBBP__GAT__IntegratedGradients__scaffold] DONE — acc=0.98 gt_auroc=nan n=100 (capped) [cached]
2026-07-30 16:44:59,890 | INFO    | molsanity | [stage cell_BBBP__GAT__IntegratedGradients__random] cache hit (4145aea00ae4fb9a) — skipping
2026-07-30 16:44:59,890 | INFO    | molsanity | [cell BBBP__GAT__IntegratedGradients__random] DONE — acc=0.78 gt_auroc=nan n=100 (capped) [cached]
2026-07-30 16:45:02,245 | INFO    | molsanity | [stage cell_BBBP__MPNN__IntegratedGradients__scaffold] cache hit (2f3da4d860bae420) — skipping
2026-07-30 16:45:02,245 | INFO    | molsanity | [cell BBBP__MPNN__IntegratedGradients__scaffold] DONE — acc=0.95 gt_auroc=nan n=100 (capped) [cached]
2026-07-30 16:45:04,054 | INFO    | molsanity | [stage cell_BBBP__MPNN__IntegratedGradients__random] cache hit (452725639926ae74) — skipping
2026-07-30 16:45:04,054 | INFO    | molsanity | [cell BBBP__MPNN__IntegratedGradients__random] DONE — acc=0.84 gt_auroc=nan n=100 (capped) [cached]
2026-07-30 16:45:05,744 | INFO    | molsanity | [stage cell_BBBP__AttentiveFP__IntegratedGradients__scaffold] cache hit (b574bda81b5d3cac) — skipping
2026-07-30 16:45:05,744 | INFO    | molsanity | [cell BBBP__AttentiveFP__IntegratedGradients__scaffold] DONE — acc=0.95 gt_auroc=nan n=100 (capped) [cached]
2026-07-30 16:45:07,605 | INFO    | molsanity | [stage cell_BBBP__AttentiveFP__IntegratedGradients__random] cache hit (8f628afcf34e14c8) — skipping
2026-07-30 16:45:07,605 | INFO    | molsanity | [cell BBBP__AttentiveFP__IntegratedGradients__random] DONE — acc=0.77 gt_auroc=nan n=100 (capped) [cached]
2026-07-30 16:45:09,678 | INFO    | molsanity | [stage cell_BBBP__GINE__GNNExplainer__scaffold] cache hit (0a462f4adde82dcd) — skipping
2026-07-30 16:45:09,679 | INFO    | molsanity | [cell BBBP__GINE__GNNExplainer__scaffold] DONE — acc=0.95 gt_auroc=nan n=100 (capped) [cached]
2026-07-30 16:45:11,836 | INFO    | molsanity | [stage cell_BBBP__GINE__GNNExplainer__random] cache hit (74ed8eb9069ffaba) — skipping
2026-07-30 16:45:11,837 | INFO    | molsanity | [cell BBBP__GINE__GNNExplainer__random] DONE — acc=0.82 gt_auroc=nan n=100 (capped) [cached]
2026-07-30 16:45:11,849 | INFO    | molsanity | [stage cell_BBBP__GINE__PGExplainer__scaffold] running (aa1c5b790766559a)
2026-07-30 16:45:17,790 | INFO    | molsanity | Loaded BBBP: 2039 graphs, checksum 37d8fa85e636
2026-07-30 16:45:21,242 | INFO    | molsanity | class-aware split: moved scaffold group (1 mols, class 0) from train to val for coverage
2026-07-30 16:45:21,242 | INFO    | molsanity | class-aware split: moved scaffold group (1 mols, class 0) from train to test for coverage
2026-07-30 16:45:21,243 | INFO    | molsanity | Scaffold split: 2038 scaffolds -> train 1629 / val 204 / test 206
2026-07-30 16:45:22,152 | INFO    | molsanity | Loaded existing checkpoint gine_5281be77a9e8e1fc.pt
2026-07-30 16:45:22,201 | ERROR   | molsanity | [cell BBBP__GINE__PGExplainer__scaffold] FAILED — Expected all tensors to be on the same device, but got mat1 is on cuda:0, different from other tensors on cpu (when checking argument in method wrapper_CUDA_addmm) (traceback -> logs/error_BBBP__GINE__PGExplainer__scaffold_20260730_164248.log)
2026-07-30 16:45:22,229 | INFO    | molsanity | [stage cell_BBBP__GINE__PGExplainer__random] running (33549ece1a79d082)
2026-07-30 16:45:22,582 | INFO    | molsanity | Loaded BBBP: 2039 graphs, checksum 37d8fa85e636
2026-07-30 16:45:23,596 | INFO    | molsanity | Loaded existing checkpoint gine_81524887c7adee3c.pt
2026-07-30 16:45:23,644 | ERROR   | molsanity | [cell BBBP__GINE__PGExplainer__random] FAILED — Expected all tensors to be on the same device, but got mat1 is on cuda:0, different from other tensors on cpu (when checking argument in method wrapper_CUDA_addmm) (traceback -> logs/error_BBBP__GINE__PGExplainer__random_20260730_164248.log)
2026-07-30 16:45:25,290 | INFO    | molsanity | [stage cell_BACE__GINE__IntegratedGradients__scaffold] cache hit (f60c1a7b16d3bbc1) — skipping
2026-07-30 16:45:25,291 | INFO    | molsanity | [cell BACE__GINE__IntegratedGradients__scaffold] DONE — acc=0.34 gt_auroc=nan n=100 (capped) [cached]
2026-07-30 16:45:27,277 | INFO    | molsanity | [stage cell_BACE__GINE__IntegratedGradients__random] cache hit (d69eb96b7076beee) — skipping
2026-07-30 16:45:27,278 | INFO    | molsanity | [cell BACE__GINE__IntegratedGradients__random] DONE — acc=0.73 gt_auroc=nan n=100 (capped) [cached]
2026-07-30 16:45:29,202 | INFO    | molsanity | [stage cell_BACE__GCN__IntegratedGradients__scaffold] cache hit (1a6add1327f96869) — skipping
2026-07-30 16:45:29,202 | INFO    | molsanity | [cell BACE__GCN__IntegratedGradients__scaffold] DONE — acc=0.85 gt_auroc=nan n=100 (capped) [cached]
2026-07-30 16:45:31,079 | INFO    | molsanity | [stage cell_BACE__GCN__IntegratedGradients__random] cache hit (527bd7755c8f4cba) — skipping
2026-07-30 16:45:31,080 | INFO    | molsanity | [cell BACE__GCN__IntegratedGradients__random] DONE — acc=0.64 gt_auroc=nan n=100 (capped) [cached]
2026-07-30 16:45:32,811 | INFO    | molsanity | [stage cell_ESOL__GINE__IntegratedGradients__scaffold] cache hit (4a8ff2a98a292177) — skipping
2026-07-30 16:45:32,812 | INFO    | molsanity | [cell ESOL__GINE__IntegratedGradients__scaffold] DONE — rmse=0.929 r2=0.778 n=100 (capped) [cached]
2026-07-30 16:45:35,283 | INFO    | molsanity | [stage cell_ESOL__GINE__IntegratedGradients__random] cache hit (812236433e7064b8) — skipping
2026-07-30 16:45:35,283 | INFO    | molsanity | [cell ESOL__GINE__IntegratedGradients__random] DONE — rmse=0.788 r2=0.869 n=100 (capped) [cached]
2026-07-30 16:45:36,785 | INFO    | molsanity | [stage cell_ESOL__GCN__IntegratedGradients__scaffold] cache hit (85475148f6c05b3e) — skipping
2026-07-30 16:45:36,786 | INFO    | molsanity | [cell ESOL__GCN__IntegratedGradients__scaffold] DONE — rmse=1.017 r2=0.734 n=100 (capped) [cached]
2026-07-30 16:45:38,796 | INFO    | molsanity | [stage cell_ESOL__GCN__IntegratedGradients__random] cache hit (5a7c74e2a5a38b11) — skipping
2026-07-30 16:45:38,796 | INFO    | molsanity | [cell ESOL__GCN__IntegratedGradients__random] DONE — rmse=0.951 r2=0.809 n=100 (capped) [cached]
2026-07-30 16:45:40,791 | INFO    | molsanity | [stage cell_ESOL__GAT__IntegratedGradients__scaffold] cache hit (1805b29889960c8c) — skipping
2026-07-30 16:45:40,791 | INFO    | molsanity | [cell ESOL__GAT__IntegratedGradients__scaffold] DONE — rmse=0.793 r2=0.838 n=100 (capped) [cached]
2026-07-30 16:45:42,690 | INFO    | molsanity | [stage cell_ESOL__GAT__IntegratedGradients__random] cache hit (9178e2a6894c3db8) — skipping
2026-07-30 16:45:42,690 | INFO    | molsanity | [cell ESOL__GAT__IntegratedGradients__random] DONE — rmse=0.730 r2=0.888 n=100 (capped) [cached]
2026-07-30 16:45:44,447 | INFO    | molsanity | [stage cell_ESOL__GINE__GNNExplainer__scaffold] cache hit (cb25478a2a2584e6) — skipping
2026-07-30 16:45:44,448 | INFO    | molsanity | [cell ESOL__GINE__GNNExplainer__scaffold] DONE — rmse=0.929 r2=0.778 n=100 (capped) [cached]
2026-07-30 16:45:46,073 | INFO    | molsanity | [stage cell_ESOL__GINE__GNNExplainer__random] cache hit (6ef99a2596d10e9b) — skipping
2026-07-30 16:45:46,074 | INFO    | molsanity | [cell ESOL__GINE__GNNExplainer__random] DONE — rmse=0.788 r2=0.869 n=100 (capped) [cached]
2026-07-30 16:45:46,086 | INFO    | molsanity | [stage cell_FreeSolv__GINE__IntegratedGradients__scaffold] running (b47e6a0e409a49b0)
2026-07-30 16:45:52,981 | INFO    | molsanity | Loaded FreeSolv: 642 graphs, checksum d1510bda958c
2026-07-30 16:45:53,491 | INFO    | molsanity | Scaffold split: 631 scaffolds -> train 513 / val 64 / test 65
2026-07-30 16:45:58,196 | INFO    | molsanity | Saved early checkpoint @epoch 30 -> gine_27781b40d90e5ab7_early.pt
2026-07-30 16:46:09,271 | ERROR   | molsanity | [cell FreeSolv__GINE__IntegratedGradients__scaffold] FAILED — Expected more than 1 value per channel when training, got input size torch.Size([1, 64]) (traceback -> logs/error_FreeSolv__GINE__IntegratedGradients__scaffold_20260730_164248.log)
2026-07-30 16:46:11,081 | INFO    | molsanity | [stage cell_FreeSolv__GINE__IntegratedGradients__random] cache hit (50c07b93379b19f7) — skipping
2026-07-30 16:46:11,081 | INFO    | molsanity | [cell FreeSolv__GINE__IntegratedGradients__random] DONE — rmse=1.486 r2=0.803 n=65 (capped) [cached]
2026-07-30 16:46:12,714 | INFO    | molsanity | [stage cell_Lipophilicity__GINE__IntegratedGradients__scaffold] cache hit (c62011a2780def91) — skipping
2026-07-30 16:46:12,715 | INFO    | molsanity | [cell Lipophilicity__GINE__IntegratedGradients__scaffold] DONE — rmse=0.749 r2=0.614 n=100 (capped) [cached]
2026-07-30 16:46:14,321 | INFO    | molsanity | [stage cell_Lipophilicity__GINE__IntegratedGradients__random] cache hit (474c70b8e9a6048c) — skipping
2026-07-30 16:46:14,322 | INFO    | molsanity | [cell Lipophilicity__GINE__IntegratedGradients__random] DONE — rmse=0.737 r2=0.617 n=100 (capped) [cached]
2026-07-30 16:46:16,160 | INFO    | molsanity | [stage cell_ClinTox__GINE__IntegratedGradients__scaffold] cache hit (4ad535a0d05af255) — skipping
2026-07-30 16:46:16,160 | INFO    | molsanity | [cell ClinTox__GINE__IntegratedGradients__scaffold] DONE — acc=0.80 gt_auroc=nan n=100 (capped) [cached]
2026-07-30 16:46:18,052 | INFO    | molsanity | [stage cell_ClinTox__GINE__IntegratedGradients__random] cache hit (7d18c4b428535ae7) — skipping
2026-07-30 16:46:18,052 | INFO    | molsanity | [cell ClinTox__GINE__IntegratedGradients__random] DONE — acc=0.71 gt_auroc=nan n=100 (capped) [cached]
2026-07-30 16:46:19,961 | INFO    | molsanity | [stage cell_ClinTox__GINE__GNNExplainer__scaffold] cache hit (78a2b53981cf6416) — skipping
2026-07-30 16:46:19,961 | INFO    | molsanity | [cell ClinTox__GINE__GNNExplainer__scaffold] DONE — acc=0.80 gt_auroc=nan n=100 (capped) [cached]
2026-07-30 16:46:21,434 | INFO    | molsanity | [stage cell_ClinTox__GINE__GNNExplainer__random] cache hit (6d45e73d67979899) — skipping
2026-07-30 16:46:21,435 | INFO    | molsanity | [cell ClinTox__GINE__GNNExplainer__random] DONE — acc=0.71 gt_auroc=nan n=100 (capped) [cached]
2026-07-30 16:46:23,168 | INFO    | molsanity | [stage cell_SIDER__GINE__IntegratedGradients__scaffold] cache hit (f0e135a5cbe9ed65) — skipping
2026-07-30 16:46:23,169 | INFO    | molsanity | [cell SIDER__GINE__IntegratedGradients__scaffold] DONE — acc=0.57 gt_auroc=nan n=100 (capped) [cached]
2026-07-30 16:46:24,952 | INFO    | molsanity | [stage cell_SIDER__GINE__IntegratedGradients__random] cache hit (911e5bb2b7143ae2) — skipping
2026-07-30 16:46:24,952 | INFO    | molsanity | [cell SIDER__GINE__IntegratedGradients__random] DONE — acc=0.71 gt_auroc=nan n=100 (capped) [cached]
2026-07-30 16:46:26,767 | INFO    | molsanity | [stage cell_SIDER__GCN__IntegratedGradients__scaffold] cache hit (b99aeda40fa02fa9) — skipping
2026-07-30 16:46:26,768 | INFO    | molsanity | [cell SIDER__GCN__IntegratedGradients__scaffold] DONE — acc=0.65 gt_auroc=nan n=100 (capped) [cached]
2026-07-30 16:46:28,702 | INFO    | molsanity | [stage cell_SIDER__GCN__IntegratedGradients__random] cache hit (802b8d1e22037900) — skipping
2026-07-30 16:46:28,703 | INFO    | molsanity | [cell SIDER__GCN__IntegratedGradients__random] DONE — acc=0.64 gt_auroc=nan n=100 (capped) [cached]
2026-07-30 16:46:30,373 | INFO    | molsanity | [stage cell_Tox21__GINE__IntegratedGradients__scaffold] cache hit (32a6cb9aab0d1c17) — skipping
2026-07-30 16:46:30,373 | INFO    | molsanity | [cell Tox21__GINE__IntegratedGradients__scaffold] DONE — acc=0.96 gt_auroc=nan n=100 (capped) [cached]
2026-07-30 16:46:32,011 | INFO    | molsanity | [stage cell_Tox21__GINE__IntegratedGradients__random] cache hit (80342e5b83f45c61) — skipping
2026-07-30 16:46:32,012 | INFO    | molsanity | [cell Tox21__GINE__IntegratedGradients__random] DONE — acc=0.97 gt_auroc=nan n=100 (capped) [cached]
2026-07-30 16:46:32,024 | INFO    | molsanity | [stage cell_BA-2Motifs__GINE__IntegratedGradients__scaffold] running (94c9353ddb80328a)
2026-07-30 16:46:38,097 | INFO    | molsanity | Loaded BA-2Motifs: 1000 graphs, checksum fecc0a8aa094
2026-07-30 16:46:39,257 | INFO    | molsanity | class-aware split: moved scaffold group (1 mols, class 0) from train to val for coverage
2026-07-30 16:46:39,257 | INFO    | molsanity | class-aware split: moved scaffold group (1 mols, class 0) from train to test for coverage
2026-07-30 16:46:39,258 | INFO    | molsanity | Scaffold split: 996 scaffolds -> train 798 / val 101 / test 101
2026-07-30 16:46:39,311 | ERROR   | molsanity | [cell BA-2Motifs__GINE__IntegratedGradients__scaffold] FAILED — linear(): argument 'input' (position 1) must be Tensor, not NoneType (traceback -> logs/error_BA-2Motifs__GINE__IntegratedGradients__scaffold_20260730_164248.log)
2026-07-30 16:46:39,326 | INFO    | molsanity | [stage cell_BA-2Motifs__GINE__IntegratedGradients__random] running (4f72cad24f40eeb9)
2026-07-30 16:46:39,460 | INFO    | molsanity | Loaded BA-2Motifs: 1000 graphs, checksum fecc0a8aa094
2026-07-30 16:46:39,531 | ERROR   | molsanity | [cell BA-2Motifs__GINE__IntegratedGradients__random] FAILED — linear(): argument 'input' (position 1) must be Tensor, not NoneType (traceback -> logs/error_BA-2Motifs__GINE__IntegratedGradients__random_20260730_164248.log)
2026-07-30 16:46:39,545 | INFO    | molsanity | [stage cell_ShapeGGen__GINE__IntegratedGradients__scaffold] running (438e32441bc1e7f3)
2026-07-30 16:46:39,546 | WARNING | molsanity | [cell ShapeGGen__GINE__IntegratedGradients__scaffold] SKIPPED — ShapeGGen requires GraphXAI which is not installed (No module named 'graphxai'). Skipping and logging per Hard Rule 4.
2026-07-30 16:46:39,558 | INFO    | molsanity | [stage cell_ShapeGGen__GINE__IntegratedGradients__random] running (1fe2ca25854c768f)
2026-07-30 16:46:39,559 | WARNING | molsanity | [cell ShapeGGen__GINE__IntegratedGradients__random] SKIPPED — ShapeGGen requires GraphXAI which is not installed (No module named 'graphxai'). Skipping and logging per Hard Rule 4.
2026-07-30 16:46:41,099 | INFO    | molsanity | [stage cell_DILI__GINE__IntegratedGradients__scaffold] cache hit (b1337d4b15f33c4a) — skipping
2026-07-30 16:46:41,099 | INFO    | molsanity | [cell DILI__GINE__IntegratedGradients__scaffold] DONE — acc=0.69 gt_auroc=nan n=48 (capped) [cached]
2026-07-30 16:46:43,201 | INFO    | molsanity | [stage cell_DILI__GINE__IntegratedGradients__random] cache hit (5955e0fa3a6c8ed3) — skipping
2026-07-30 16:46:43,201 | INFO    | molsanity | [cell DILI__GINE__IntegratedGradients__random] DONE — acc=0.69 gt_auroc=nan n=48 (capped) [cached]
2026-07-30 16:46:45,056 | INFO    | molsanity | [stage cell_hERG__GINE__IntegratedGradients__scaffold] cache hit (c37e94b044d60e35) — skipping
2026-07-30 16:46:45,057 | INFO    | molsanity | [cell hERG__GINE__IntegratedGradients__scaffold] DONE — acc=0.73 gt_auroc=nan n=66 (capped) [cached]
2026-07-30 16:46:46,878 | INFO    | molsanity | [stage cell_hERG__GINE__IntegratedGradients__random] cache hit (6eae5f9d391e3015) — skipping
2026-07-30 16:46:46,879 | INFO    | molsanity | [cell hERG__GINE__IntegratedGradients__random] DONE — acc=0.80 gt_auroc=nan n=66 (capped) [cached]
2026-07-30 16:47:42,825 | INFO    | molsanity | Wrote BENCHMARK.md (59 cells)
2026-07-30 16:47:45,698 | INFO    | molsanity | Wrote BENCHMARK_GT.md (faithfulness-vs-ground-truth)
2026-07-30 16:47:54,322 | INFO    | molsanity | Wrote summary figure: artifacts/figures/_summary/attributor_gt_bar_SynthMotifs.pdf
2026-07-30 16:47:56,311 | INFO    | molsanity | Wrote summary figure: artifacts/figures/_summary/regime_stratification.pdf
2026-07-30 16:47:58,505 | INFO    | molsanity | Wrote rich figure: artifacts/figures/_summary/heatmap_gt.pdf
2026-07-30 16:48:02,082 | INFO    | molsanity | Wrote composite figure: artifacts/figures/_summary/results_composite.pdf
2026-07-30 16:48:02,127 | INFO    | molsanity | Loaded MUTAG: 188 graphs, checksum de1d4cec357f
2026-07-30 16:48:02,406 | INFO    | molsanity | Scaffold split: 52 scaffolds -> train 150 / val 18 / test 20
2026-07-30 16:48:04,837 | INFO    | molsanity | Loaded existing checkpoint gine_c98efc007771f38d.pt
2026-07-30 16:48:12,485 | INFO    | molsanity | Wrote molecule grid: artifacts/figures/_summary/molgrid_MUTAG.pdf
2026-07-30 16:48:12,847 | INFO    | molsanity | Generated SynthMotifs: 200 graphs (house/cycle), exact node GT
2026-07-30 16:48:12,861 | INFO    | molsanity | Loaded SynthMotifs: 200 graphs, checksum 30b91fad87ac
2026-07-30 16:48:13,190 | INFO    | molsanity | Scaffold split: 200 scaffolds -> train 160 / val 20 / test 20
2026-07-30 16:48:14,118 | INFO    | molsanity | Loaded existing checkpoint gine_c98efc007771f38d.pt
2026-07-30 16:48:21,383 | INFO    | molsanity | Wrote molecule grid: artifacts/figures/_summary/molgrid_SynthMotifs.pdf
2026-07-30 16:48:21,386 | INFO    | molsanity | Wrote 6 summary figure(s)
2026-07-30 16:48:22,691 | WARNING | molsanity | Dissociation figure generation failed: need two analysed regimes for the dissociation figure
2026-07-30 16:52:54,443 | INFO    | molsanity | Collected figures -> figures/ (171 files, 59 cells)
2026-07-30 16:52:54,443 | INFO    | molsanity | === Run complete: {'done': 59, 'failed': 27, 'skipped': 2, 'running': 0} ===
