2026-07-30 18:45:11,072 | INFO    | molsanity | === MolSanity run: full.yaml (seed=0) ===
2026-07-30 18:45:18,619 | INFO    | molsanity | [stage cell_SynthMotifs__GINE__IntegratedGradients__scaffold] cache hit (fba575de0397d1a2) — skipping
2026-07-30 18:45:18,619 | INFO    | molsanity | [cell SynthMotifs__GINE__IntegratedGradients__scaffold] DONE — acc=0.95 gt_auroc=0.9011999999999999 n=20 (capped) [cached]
2026-07-30 18:45:19,010 | INFO    | molsanity | [stage cell_SynthMotifs__GINE__IntegratedGradients__random] cache hit (e26d99535fc29e1f) — skipping
2026-07-30 18:45:19,011 | INFO    | molsanity | [cell SynthMotifs__GINE__IntegratedGradients__random] DONE — acc=1.00 gt_auroc=0.998 n=20 (capped) [cached]
2026-07-30 18:45:19,458 | INFO    | molsanity | [stage cell_SynthMotifs__GINE__Saliency__scaffold] cache hit (d052fcaa872b43af) — skipping
2026-07-30 18:45:19,458 | INFO    | molsanity | [cell SynthMotifs__GINE__Saliency__scaffold] DONE — acc=0.95 gt_auroc=0.9752000000000001 n=20 (capped) [cached]
2026-07-30 18:45:19,888 | INFO    | molsanity | [stage cell_SynthMotifs__GINE__Saliency__random] cache hit (8f1b1ca978d02c61) — skipping
2026-07-30 18:45:19,889 | INFO    | molsanity | [cell SynthMotifs__GINE__Saliency__random] DONE — acc=1.00 gt_auroc=0.9992000000000001 n=20 (capped) [cached]
2026-07-30 18:45:20,327 | INFO    | molsanity | [stage cell_SynthMotifs__GINE__InputXGradient__scaffold] cache hit (ebbe13f02b0c44ab) — skipping
2026-07-30 18:45:20,328 | INFO    | molsanity | [cell SynthMotifs__GINE__InputXGradient__scaffold] DONE — acc=0.95 gt_auroc=0.9683999999999999 n=20 (capped) [cached]
2026-07-30 18:45:20,797 | INFO    | molsanity | [stage cell_SynthMotifs__GINE__InputXGradient__random] cache hit (14f9641c4a228337) — skipping
2026-07-30 18:45:20,797 | INFO    | molsanity | [cell SynthMotifs__GINE__InputXGradient__random] DONE — acc=1.00 gt_auroc=0.9916 n=20 (capped) [cached]
2026-07-30 18:45:21,255 | INFO    | molsanity | [stage cell_SynthMotifs__GINE__GuidedBackprop__scaffold] cache hit (92fa24d1e316e843) — skipping
2026-07-30 18:45:21,255 | INFO    | molsanity | [cell SynthMotifs__GINE__GuidedBackprop__scaffold] DONE — acc=0.95 gt_auroc=0.9279999999999999 n=20 (capped) [cached]
2026-07-30 18:45:21,827 | INFO    | molsanity | [stage cell_SynthMotifs__GINE__GuidedBackprop__random] cache hit (e5133dc16faa5e3d) — skipping
2026-07-30 18:45:21,827 | INFO    | molsanity | [cell SynthMotifs__GINE__GuidedBackprop__random] DONE — acc=1.00 gt_auroc=1.0 n=20 (capped) [cached]
2026-07-30 18:45:22,280 | INFO    | molsanity | [stage cell_SynthMotifs__GINE__GNNExplainer__scaffold] cache hit (7ba996dd6a4b7e9f) — skipping
2026-07-30 18:45:22,280 | INFO    | molsanity | [cell SynthMotifs__GINE__GNNExplainer__scaffold] DONE — acc=0.95 gt_auroc=0.6680000000000001 n=20 (capped) [cached]
2026-07-30 18:45:22,748 | INFO    | molsanity | [stage cell_SynthMotifs__GINE__GNNExplainer__random] cache hit (6126ffcb1146f4d5) — skipping
2026-07-30 18:45:22,749 | INFO    | molsanity | [cell SynthMotifs__GINE__GNNExplainer__random] DONE — acc=1.00 gt_auroc=0.4744 n=20 (capped) [cached]
2026-07-30 18:45:22,752 | INFO    | molsanity | [stage cell_SynthMotifs__GINE__PGExplainer__scaffold] running (9f7d4583b76a142b)
2026-07-30 18:45:23,321 | INFO    | molsanity | Generated SynthMotifs: 200 graphs (house/cycle), exact node GT
2026-07-30 18:45:23,328 | INFO    | molsanity | SynthMotifs checksum recorded: 30b91fad87ac
2026-07-30 18:45:23,328 | INFO    | molsanity | Loaded SynthMotifs: 200 graphs, checksum 30b91fad87ac
2026-07-30 18:45:24,041 | INFO    | molsanity | Scaffold split: 200 scaffolds -> train 160 / val 20 / test 20
2026-07-30 18:45:24,875 | INFO    | molsanity | Loaded existing checkpoint gine_5281be77a9e8e1fc.pt
2026-07-30 18:46:53,674 | INFO    | molsanity | PGExplainer trained on 160 graphs (30 epochs), final loss 0.7446
2026-07-30 18:47:48,108 | INFO    | molsanity | PGExplainer trained on 160 graphs (30 epochs), final loss 0.1504
2026-07-30 18:47:49,949 | INFO    | molsanity | Wrote GT-validation figure: artifacts/figures/SynthMotifs__GINE__PGExplainer__scaffold/gt_validation.pdf (+ .svg)
2026-07-30 18:47:49,981 | INFO    | molsanity | Skipping molecule SVG (no aligned mol for case_molecule.svg)
2026-07-30 18:47:50,036 | INFO    | molsanity | [cell SynthMotifs__GINE__PGExplainer__scaffold] DONE — acc=0.95 gt_auroc=0.5648000000000001 n=20 (capped)
2026-07-30 18:47:50,041 | INFO    | molsanity | [stage cell_SynthMotifs__GINE__PGExplainer__random] running (55d160fe911fe15e)
2026-07-30 18:47:50,545 | INFO    | molsanity | Generated SynthMotifs: 200 graphs (house/cycle), exact node GT
2026-07-30 18:47:50,556 | INFO    | molsanity | Loaded SynthMotifs: 200 graphs, checksum 30b91fad87ac
2026-07-30 18:47:51,208 | INFO    | molsanity | Loaded existing checkpoint gine_81524887c7adee3c.pt
2026-07-30 18:49:23,094 | INFO    | molsanity | PGExplainer trained on 160 graphs (30 epochs), final loss 0.5714
2026-07-30 18:50:20,319 | INFO    | molsanity | PGExplainer trained on 160 graphs (30 epochs), final loss 0.3812
2026-07-30 18:50:21,269 | INFO    | molsanity | Wrote GT-validation figure: artifacts/figures/SynthMotifs__GINE__PGExplainer__random/gt_validation.pdf (+ .svg)
2026-07-30 18:50:21,270 | INFO    | molsanity | Skipping molecule SVG (no aligned mol for case_molecule.svg)
2026-07-30 18:50:21,305 | INFO    | molsanity | [cell SynthMotifs__GINE__PGExplainer__random] DONE — acc=1.00 gt_auroc=0.49000000000000005 n=20 (capped)
2026-07-30 18:50:21,731 | INFO    | molsanity | [stage cell_SynthMotifs__GCN__IntegratedGradients__scaffold] cache hit (fa4e2731684c208c) — skipping
2026-07-30 18:50:21,731 | INFO    | molsanity | [cell SynthMotifs__GCN__IntegratedGradients__scaffold] DONE — acc=0.70 gt_auroc=0.9867999999999999 n=20 (capped) [cached]
2026-07-30 18:50:22,059 | INFO    | molsanity | [stage cell_SynthMotifs__GCN__IntegratedGradients__random] cache hit (a1e311ad44f00922) — skipping
2026-07-30 18:50:22,059 | INFO    | molsanity | [cell SynthMotifs__GCN__IntegratedGradients__random] DONE — acc=0.60 gt_auroc=0.4796 n=20 (capped) [cached]
2026-07-30 18:50:22,486 | INFO    | molsanity | [stage cell_SynthMotifs__GAT__IntegratedGradients__scaffold] cache hit (4ab32a49eed2eec9) — skipping
2026-07-30 18:50:22,487 | INFO    | molsanity | [cell SynthMotifs__GAT__IntegratedGradients__scaffold] DONE — acc=0.95 gt_auroc=0.5916 n=20 (capped) [cached]
2026-07-30 18:50:22,764 | INFO    | molsanity | [stage cell_SynthMotifs__GAT__IntegratedGradients__random] cache hit (a7f55c09b1626a4e) — skipping
2026-07-30 18:50:22,765 | INFO    | molsanity | [cell SynthMotifs__GAT__IntegratedGradients__random] DONE — acc=1.00 gt_auroc=0.8739999999999999 n=20 (capped) [cached]
2026-07-30 18:50:23,223 | INFO    | molsanity | [stage cell_SynthMotifs__MPNN__IntegratedGradients__scaffold] cache hit (e7603a1451efb5b1) — skipping
2026-07-30 18:50:23,223 | INFO    | molsanity | [cell SynthMotifs__MPNN__IntegratedGradients__scaffold] DONE — acc=0.65 gt_auroc=0.7116 n=20 (capped) [cached]
2026-07-30 18:50:23,668 | INFO    | molsanity | [stage cell_SynthMotifs__MPNN__IntegratedGradients__random] cache hit (d165f5b1272d72b6) — skipping
2026-07-30 18:50:23,668 | INFO    | molsanity | [cell SynthMotifs__MPNN__IntegratedGradients__random] DONE — acc=1.00 gt_auroc=0.8388 n=20 (capped) [cached]
2026-07-30 18:50:24,118 | INFO    | molsanity | [stage cell_SynthMotifs__AttentiveFP__IntegratedGradients__scaffold] cache hit (065284d0592ebfc5) — skipping
2026-07-30 18:50:24,118 | INFO    | molsanity | [cell SynthMotifs__AttentiveFP__IntegratedGradients__scaffold] DONE — acc=0.85 gt_auroc=0.8856000000000002 n=20 (capped) [cached]
2026-07-30 18:50:24,540 | INFO    | molsanity | [stage cell_SynthMotifs__AttentiveFP__IntegratedGradients__random] cache hit (85d9fc9af12620c6) — skipping
2026-07-30 18:50:24,540 | INFO    | molsanity | [cell SynthMotifs__AttentiveFP__IntegratedGradients__random] DONE — acc=1.00 gt_auroc=0.7156 n=20 (capped) [cached]
2026-07-30 18:50:24,545 | INFO    | molsanity | [stage cell_MUTAG__GINE__IntegratedGradients__scaffold] running (2f8f102a194c4ba1)
2026-07-30 18:50:24,577 | INFO    | molsanity | Loaded MUTAG: 188 graphs, checksum de1d4cec357f
2026-07-30 18:50:24,832 | INFO    | molsanity | Scaffold split: 52 scaffolds -> train 150 / val 18 / test 20
2026-07-30 18:50:25,395 | INFO    | molsanity | Loaded existing checkpoint gine_5281be77a9e8e1fc.pt
2026-07-30 18:50:40,462 | INFO    | molsanity | Wrote GT-validation figure: artifacts/figures/MUTAG__GINE__IntegratedGradients__scaffold/gt_validation.pdf (+ .svg)
2026-07-30 18:50:40,474 | INFO    | molsanity | Wrote molecule attribution SVG: artifacts/figures/MUTAG__GINE__IntegratedGradients__scaffold/case_molecule.svg (GT atoms: [14, 15, 16])
2026-07-30 18:50:40,525 | INFO    | molsanity | [cell MUTAG__GINE__IntegratedGradients__scaffold] DONE — acc=0.75 gt_auroc=0.5365513952278658 n=20 (capped)
2026-07-30 18:50:40,529 | INFO    | molsanity | [stage cell_MUTAG__GINE__IntegratedGradients__random] running (f70a6756ec930eef)
2026-07-30 18:50:40,558 | INFO    | molsanity | Loaded MUTAG: 188 graphs, checksum de1d4cec357f
2026-07-30 18:50:41,075 | INFO    | molsanity | Loaded existing checkpoint gine_81524887c7adee3c.pt
2026-07-30 18:50:56,254 | INFO    | molsanity | Wrote GT-validation figure: artifacts/figures/MUTAG__GINE__IntegratedGradients__random/gt_validation.pdf (+ .svg)
2026-07-30 18:50:56,265 | INFO    | molsanity | Wrote molecule attribution SVG: artifacts/figures/MUTAG__GINE__IntegratedGradients__random/case_molecule.svg (GT atoms: [17, 18, 19])
2026-07-30 18:50:56,303 | INFO    | molsanity | [cell MUTAG__GINE__IntegratedGradients__random] DONE — acc=0.55 gt_auroc=0.047792942351765885 n=20 (capped)
2026-07-30 18:50:56,307 | INFO    | molsanity | [stage cell_MUTAG__GINE__Saliency__scaffold] running (1219d43dd74952fa)
2026-07-30 18:50:56,338 | INFO    | molsanity | Loaded MUTAG: 188 graphs, checksum de1d4cec357f
2026-07-30 18:50:56,614 | INFO    | molsanity | Scaffold split: 52 scaffolds -> train 150 / val 18 / test 20
2026-07-30 18:50:56,647 | INFO    | molsanity | Loaded existing checkpoint gine_5281be77a9e8e1fc.pt
2026-07-30 18:50:58,578 | INFO    | molsanity | Wrote GT-validation figure: artifacts/figures/MUTAG__GINE__Saliency__scaffold/gt_validation.pdf (+ .svg)
2026-07-30 18:50:58,595 | INFO    | molsanity | Wrote molecule attribution SVG: artifacts/figures/MUTAG__GINE__Saliency__scaffold/case_molecule.svg (GT atoms: [14, 15, 16])
2026-07-30 18:50:58,648 | INFO    | molsanity | [cell MUTAG__GINE__Saliency__scaffold] DONE — acc=0.75 gt_auroc=0.009368191721132898 n=20 (capped)
2026-07-30 18:50:58,656 | INFO    | molsanity | [stage cell_MUTAG__GINE__Saliency__random] running (fd574b34687d413c)
2026-07-30 18:50:58,705 | INFO    | molsanity | Loaded MUTAG: 188 graphs, checksum de1d4cec357f
2026-07-30 18:50:58,743 | INFO    | molsanity | Loaded existing checkpoint gine_81524887c7adee3c.pt
2026-07-30 18:51:00,745 | INFO    | molsanity | Wrote GT-validation figure: artifacts/figures/MUTAG__GINE__Saliency__random/gt_validation.pdf (+ .svg)
2026-07-30 18:51:00,764 | INFO    | molsanity | Wrote molecule attribution SVG: artifacts/figures/MUTAG__GINE__Saliency__random/case_molecule.svg (GT atoms: [17, 18, 19])
2026-07-30 18:51:00,838 | INFO    | molsanity | [cell MUTAG__GINE__Saliency__random] DONE — acc=0.55 gt_auroc=0.020338485044367395 n=20 (capped)
2026-07-30 18:51:00,843 | INFO    | molsanity | [stage cell_MUTAG__GINE__InputXGradient__scaffold] running (1000094c6670922c)
2026-07-30 18:51:00,903 | INFO    | molsanity | Loaded MUTAG: 188 graphs, checksum de1d4cec357f
2026-07-30 18:51:01,305 | INFO    | molsanity | Scaffold split: 52 scaffolds -> train 150 / val 18 / test 20
2026-07-30 18:51:01,327 | INFO    | molsanity | Loaded existing checkpoint gine_5281be77a9e8e1fc.pt
2026-07-30 18:51:03,020 | INFO    | molsanity | Wrote GT-validation figure: artifacts/figures/MUTAG__GINE__InputXGradient__scaffold/gt_validation.pdf (+ .svg)
2026-07-30 18:51:03,032 | INFO    | molsanity | Wrote molecule attribution SVG: artifacts/figures/MUTAG__GINE__InputXGradient__scaffold/case_molecule.svg (GT atoms: [14, 15, 16])
2026-07-30 18:51:03,071 | INFO    | molsanity | [cell MUTAG__GINE__InputXGradient__scaffold] DONE — acc=0.75 gt_auroc=0.04896514161220043 n=20 (capped)
2026-07-30 18:51:03,075 | INFO    | molsanity | [stage cell_MUTAG__GINE__InputXGradient__random] running (7b05f06f4bc7618c)
2026-07-30 18:51:03,105 | INFO    | molsanity | Loaded MUTAG: 188 graphs, checksum de1d4cec357f
2026-07-30 18:51:03,129 | INFO    | molsanity | Loaded existing checkpoint gine_81524887c7adee3c.pt
2026-07-30 18:51:04,597 | INFO    | molsanity | Wrote GT-validation figure: artifacts/figures/MUTAG__GINE__InputXGradient__random/gt_validation.pdf (+ .svg)
2026-07-30 18:51:04,610 | INFO    | molsanity | Wrote molecule attribution SVG: artifacts/figures/MUTAG__GINE__InputXGradient__random/case_molecule.svg (GT atoms: [17, 18, 19])
2026-07-30 18:51:04,664 | INFO    | molsanity | [cell MUTAG__GINE__InputXGradient__random] DONE — acc=0.55 gt_auroc=0.05400090105972458 n=20 (capped)
2026-07-30 18:51:04,668 | INFO    | molsanity | [stage cell_MUTAG__GINE__GuidedBackprop__scaffold] running (f0c27476289e8641)
2026-07-30 18:51:04,698 | INFO    | molsanity | Loaded MUTAG: 188 graphs, checksum de1d4cec357f
2026-07-30 18:51:04,982 | INFO    | molsanity | Scaffold split: 52 scaffolds -> train 150 / val 18 / test 20
2026-07-30 18:51:05,009 | INFO    | molsanity | Loaded existing checkpoint gine_5281be77a9e8e1fc.pt
2026-07-30 18:51:06,525 | INFO    | molsanity | Wrote GT-validation figure: artifacts/figures/MUTAG__GINE__GuidedBackprop__scaffold/gt_validation.pdf (+ .svg)
2026-07-30 18:51:06,537 | INFO    | molsanity | Wrote molecule attribution SVG: artifacts/figures/MUTAG__GINE__GuidedBackprop__scaffold/case_molecule.svg (GT atoms: [14, 15, 16])
2026-07-30 18:51:06,575 | INFO    | molsanity | [cell MUTAG__GINE__GuidedBackprop__scaffold] DONE — acc=0.75 gt_auroc=0.015677361853832443 n=20 (capped)
2026-07-30 18:51:06,580 | INFO    | molsanity | [stage cell_MUTAG__GINE__GuidedBackprop__random] running (6aefd37feb66badc)
2026-07-30 18:51:06,611 | INFO    | molsanity | Loaded MUTAG: 188 graphs, checksum de1d4cec357f
2026-07-30 18:51:06,635 | INFO    | molsanity | Loaded existing checkpoint gine_81524887c7adee3c.pt
2026-07-30 18:51:08,137 | INFO    | molsanity | Wrote GT-validation figure: artifacts/figures/MUTAG__GINE__GuidedBackprop__random/gt_validation.pdf (+ .svg)
2026-07-30 18:51:08,149 | INFO    | molsanity | Wrote molecule attribution SVG: artifacts/figures/MUTAG__GINE__GuidedBackprop__random/case_molecule.svg (GT atoms: [17, 18, 19])
2026-07-30 18:51:08,190 | INFO    | molsanity | [cell MUTAG__GINE__GuidedBackprop__random] DONE — acc=0.55 gt_auroc=0.2583383977133977 n=20 (capped)
2026-07-30 18:51:08,194 | INFO    | molsanity | [stage cell_MUTAG__GINE__GNNExplainer__scaffold] running (f64156fd045b5f38)
2026-07-30 18:51:08,229 | INFO    | molsanity | Loaded MUTAG: 188 graphs, checksum de1d4cec357f
2026-07-30 18:51:08,493 | INFO    | molsanity | Scaffold split: 52 scaffolds -> train 150 / val 18 / test 20
2026-07-30 18:51:08,517 | INFO    | molsanity | Loaded existing checkpoint gine_5281be77a9e8e1fc.pt
2026-07-30 18:51:44,910 | INFO    | molsanity | Wrote GT-validation figure: artifacts/figures/MUTAG__GINE__GNNExplainer__scaffold/gt_validation.pdf (+ .svg)
2026-07-30 18:51:44,923 | INFO    | molsanity | Wrote molecule attribution SVG: artifacts/figures/MUTAG__GINE__GNNExplainer__scaffold/case_molecule.svg (GT atoms: [14, 15, 16])
2026-07-30 18:51:44,962 | INFO    | molsanity | [cell MUTAG__GINE__GNNExplainer__scaffold] DONE — acc=0.75 gt_auroc=0.6711043422808128 n=20 (capped)
2026-07-30 18:51:44,966 | INFO    | molsanity | [stage cell_MUTAG__GINE__GNNExplainer__random] running (f3a5f25f941381a1)
2026-07-30 18:51:44,996 | INFO    | molsanity | Loaded MUTAG: 188 graphs, checksum de1d4cec357f
2026-07-30 18:51:45,023 | INFO    | molsanity | Loaded existing checkpoint gine_81524887c7adee3c.pt
2026-07-30 18:52:20,208 | INFO    | molsanity | Wrote GT-validation figure: artifacts/figures/MUTAG__GINE__GNNExplainer__random/gt_validation.pdf (+ .svg)
2026-07-30 18:52:20,220 | INFO    | molsanity | Wrote molecule attribution SVG: artifacts/figures/MUTAG__GINE__GNNExplainer__random/case_molecule.svg (GT atoms: [17, 18, 19])
2026-07-30 18:52:20,268 | INFO    | molsanity | [cell MUTAG__GINE__GNNExplainer__random] DONE — acc=0.55 gt_auroc=0.4516712739874504 n=20 (capped)
2026-07-30 18:52:20,272 | INFO    | molsanity | [stage cell_MUTAG__GINE__PGExplainer__scaffold] running (0cae73e24d06ee63)
2026-07-30 18:52:20,302 | INFO    | molsanity | Loaded MUTAG: 188 graphs, checksum de1d4cec357f
2026-07-30 18:52:20,572 | INFO    | molsanity | Scaffold split: 52 scaffolds -> train 150 / val 18 / test 20
2026-07-30 18:52:20,595 | INFO    | molsanity | Loaded existing checkpoint gine_5281be77a9e8e1fc.pt
2026-07-30 18:53:44,425 | INFO    | molsanity | PGExplainer trained on 150 graphs (30 epochs), final loss 0.4434
2026-07-30 18:54:34,751 | INFO    | molsanity | PGExplainer trained on 150 graphs (30 epochs), final loss 0.0919
2026-07-30 18:54:36,223 | INFO    | molsanity | Wrote GT-validation figure: artifacts/figures/MUTAG__GINE__PGExplainer__scaffold/gt_validation.pdf (+ .svg)
2026-07-30 18:54:36,236 | INFO    | molsanity | Wrote molecule attribution SVG: artifacts/figures/MUTAG__GINE__PGExplainer__scaffold/case_molecule.svg (GT atoms: [14, 15, 16])
2026-07-30 18:54:36,289 | INFO    | molsanity | [cell MUTAG__GINE__PGExplainer__scaffold] DONE — acc=0.75 gt_auroc=0.1084493937435114 n=20 (capped)
2026-07-30 18:54:36,295 | INFO    | molsanity | [stage cell_MUTAG__GINE__PGExplainer__random] running (514ec998fb07d481)
2026-07-30 18:54:36,348 | INFO    | molsanity | Loaded MUTAG: 188 graphs, checksum de1d4cec357f
2026-07-30 18:54:36,395 | INFO    | molsanity | Loaded existing checkpoint gine_81524887c7adee3c.pt
2026-07-30 18:56:00,891 | INFO    | molsanity | PGExplainer trained on 150 graphs (30 epochs), final loss 0.7419
2026-07-30 18:56:50,602 | INFO    | molsanity | PGExplainer trained on 150 graphs (30 epochs), final loss 0.3154
2026-07-30 18:56:51,664 | INFO    | molsanity | Wrote GT-validation figure: artifacts/figures/MUTAG__GINE__PGExplainer__random/gt_validation.pdf (+ .svg)
2026-07-30 18:56:51,676 | INFO    | molsanity | Wrote molecule attribution SVG: artifacts/figures/MUTAG__GINE__PGExplainer__random/case_molecule.svg (GT atoms: [17, 18, 19])
2026-07-30 18:56:51,714 | INFO    | molsanity | [cell MUTAG__GINE__PGExplainer__random] DONE — acc=0.55 gt_auroc=1.0 n=20 (capped)
2026-07-30 18:56:51,718 | INFO    | molsanity | [stage cell_MUTAG__GCN__IntegratedGradients__scaffold] running (595ceb6d48b66afa)
2026-07-30 18:56:51,746 | INFO    | molsanity | Loaded MUTAG: 188 graphs, checksum de1d4cec357f
2026-07-30 18:56:52,019 | INFO    | molsanity | Scaffold split: 52 scaffolds -> train 150 / val 18 / test 20
2026-07-30 18:56:52,695 | INFO    | molsanity | Loaded existing checkpoint gcn_d9216bef68cf8971.pt
2026-07-30 18:57:11,187 | INFO    | molsanity | Wrote GT-validation figure: artifacts/figures/MUTAG__GCN__IntegratedGradients__scaffold/gt_validation.pdf (+ .svg)
2026-07-30 18:57:11,197 | INFO    | molsanity | Wrote molecule attribution SVG: artifacts/figures/MUTAG__GCN__IntegratedGradients__scaffold/case_molecule.svg (GT atoms: [14, 15, 16])
2026-07-30 18:57:11,244 | INFO    | molsanity | [cell MUTAG__GCN__IntegratedGradients__scaffold] DONE — acc=0.35 gt_auroc=0.9504616298733947 n=20 (capped)
2026-07-30 18:57:11,250 | INFO    | molsanity | [stage cell_MUTAG__GCN__IntegratedGradients__random] running (d36d270e44466607)
2026-07-30 18:57:11,297 | INFO    | molsanity | Loaded MUTAG: 188 graphs, checksum de1d4cec357f
2026-07-30 18:57:11,727 | INFO    | molsanity | Loaded existing checkpoint gcn_604a180f83e0893f.pt
2026-07-30 18:57:29,938 | INFO    | molsanity | Wrote GT-validation figure: artifacts/figures/MUTAG__GCN__IntegratedGradients__random/gt_validation.pdf (+ .svg)
2026-07-30 18:57:29,949 | INFO    | molsanity | Wrote molecule attribution SVG: artifacts/figures/MUTAG__GCN__IntegratedGradients__random/case_molecule.svg (GT atoms: [17, 18, 19])
2026-07-30 18:57:29,985 | INFO    | molsanity | [cell MUTAG__GCN__IntegratedGradients__random] DONE — acc=0.65 gt_auroc=0.16935581439257907 n=20 (capped)
2026-07-30 18:57:29,989 | INFO    | molsanity | [stage cell_MUTAG__GAT__IntegratedGradients__scaffold] running (e581b4cd2b42da4b)
2026-07-30 18:57:30,019 | INFO    | molsanity | Loaded MUTAG: 188 graphs, checksum de1d4cec357f
2026-07-30 18:57:30,274 | INFO    | molsanity | Scaffold split: 52 scaffolds -> train 150 / val 18 / test 20
2026-07-30 18:57:30,861 | INFO    | molsanity | Loaded existing checkpoint gat_2224546572f492f6.pt
2026-07-30 18:57:59,831 | INFO    | molsanity | Wrote GT-validation figure: artifacts/figures/MUTAG__GAT__IntegratedGradients__scaffold/gt_validation.pdf (+ .svg)
2026-07-30 18:57:59,842 | INFO    | molsanity | Wrote molecule attribution SVG: artifacts/figures/MUTAG__GAT__IntegratedGradients__scaffold/case_molecule.svg (GT atoms: [14, 15, 16])
2026-07-30 18:57:59,880 | INFO    | molsanity | [cell MUTAG__GAT__IntegratedGradients__scaffold] DONE — acc=0.75 gt_auroc=0.4199902167549226 n=20 (capped)
2026-07-30 18:57:59,884 | INFO    | molsanity | [stage cell_MUTAG__GAT__IntegratedGradients__random] running (a00671ec747387cd)
2026-07-30 18:57:59,915 | INFO    | molsanity | Loaded MUTAG: 188 graphs, checksum de1d4cec357f
2026-07-30 18:58:00,313 | INFO    | molsanity | Loaded existing checkpoint gat_d5ce67978fe34ff0.pt
2026-07-30 18:58:28,880 | INFO    | molsanity | Wrote GT-validation figure: artifacts/figures/MUTAG__GAT__IntegratedGradients__random/gt_validation.pdf (+ .svg)
2026-07-30 18:58:28,893 | INFO    | molsanity | Wrote molecule attribution SVG: artifacts/figures/MUTAG__GAT__IntegratedGradients__random/case_molecule.svg (GT atoms: [17, 18, 19])
2026-07-30 18:58:28,947 | INFO    | molsanity | [cell MUTAG__GAT__IntegratedGradients__random] DONE — acc=0.55 gt_auroc=0.7085026642747231 n=20 (capped)
2026-07-30 18:58:28,952 | INFO    | molsanity | [stage cell_MUTAG__MPNN__IntegratedGradients__scaffold] running (20f5622d6b99a027)
2026-07-30 18:58:28,986 | INFO    | molsanity | Loaded MUTAG: 188 graphs, checksum de1d4cec357f
2026-07-30 18:58:29,274 | INFO    | molsanity | Scaffold split: 52 scaffolds -> train 150 / val 18 / test 20
2026-07-30 18:58:30,302 | INFO    | molsanity | Loaded existing checkpoint mpnn_b28164e08cc2ab85.pt
2026-07-30 18:58:51,999 | INFO    | molsanity | Wrote GT-validation figure: artifacts/figures/MUTAG__MPNN__IntegratedGradients__scaffold/gt_validation.pdf (+ .svg)
2026-07-30 18:58:52,016 | INFO    | molsanity | Wrote molecule attribution SVG: artifacts/figures/MUTAG__MPNN__IntegratedGradients__scaffold/case_molecule.svg (GT atoms: [14, 15, 16])
2026-07-30 18:58:52,088 | INFO    | molsanity | [cell MUTAG__MPNN__IntegratedGradients__scaffold] DONE — acc=0.75 gt_auroc=0.6722368970898384 n=20 (capped)
2026-07-30 18:58:52,095 | INFO    | molsanity | [stage cell_MUTAG__MPNN__IntegratedGradients__random] running (d06a084afa663d8c)
2026-07-30 18:58:52,155 | INFO    | molsanity | Loaded MUTAG: 188 graphs, checksum de1d4cec357f
2026-07-30 18:58:53,103 | INFO    | molsanity | Loaded existing checkpoint mpnn_5fb3b98dab354a6c.pt
2026-07-30 18:59:12,827 | INFO    | molsanity | Wrote GT-validation figure: artifacts/figures/MUTAG__MPNN__IntegratedGradients__random/gt_validation.pdf (+ .svg)
2026-07-30 18:59:12,839 | INFO    | molsanity | Wrote molecule attribution SVG: artifacts/figures/MUTAG__MPNN__IntegratedGradients__random/case_molecule.svg (GT atoms: [17, 18, 19])
2026-07-30 18:59:12,880 | INFO    | molsanity | [cell MUTAG__MPNN__IntegratedGradients__random] DONE — acc=0.75 gt_auroc=0.16441819482260658 n=20 (capped)
2026-07-30 18:59:12,886 | INFO    | molsanity | [stage cell_MUTAG__AttentiveFP__IntegratedGradients__scaffold] running (8eaa9e083770f17b)
2026-07-30 18:59:12,920 | INFO    | molsanity | Loaded MUTAG: 188 graphs, checksum de1d4cec357f
2026-07-30 18:59:13,204 | INFO    | molsanity | Scaffold split: 52 scaffolds -> train 150 / val 18 / test 20
2026-07-30 18:59:13,986 | INFO    | molsanity | Loaded existing checkpoint attentivefp_edbf3eb9f79c130a.pt
2026-07-30 18:59:53,584 | INFO    | molsanity | Wrote GT-validation figure: artifacts/figures/MUTAG__AttentiveFP__IntegratedGradients__scaffold/gt_validation.pdf (+ .svg)
2026-07-30 18:59:53,596 | INFO    | molsanity | Wrote molecule attribution SVG: artifacts/figures/MUTAG__AttentiveFP__IntegratedGradients__scaffold/case_molecule.svg (GT atoms: [14, 15, 16])
2026-07-30 18:59:53,634 | INFO    | molsanity | [cell MUTAG__AttentiveFP__IntegratedGradients__scaffold] DONE — acc=0.80 gt_auroc=0.032861952861952856 n=20 (capped)
2026-07-30 18:59:53,639 | INFO    | molsanity | [stage cell_MUTAG__AttentiveFP__IntegratedGradients__random] running (a2f9418a8676359f)
2026-07-30 18:59:53,667 | INFO    | molsanity | Loaded MUTAG: 188 graphs, checksum de1d4cec357f
2026-07-30 18:59:54,214 | INFO    | molsanity | Loaded existing checkpoint attentivefp_82744bcba3c1d6f0.pt
2026-07-30 19:00:31,632 | INFO    | molsanity | Wrote GT-validation figure: artifacts/figures/MUTAG__AttentiveFP__IntegratedGradients__random/gt_validation.pdf (+ .svg)
2026-07-30 19:00:31,643 | INFO    | molsanity | Wrote molecule attribution SVG: artifacts/figures/MUTAG__AttentiveFP__IntegratedGradients__random/case_molecule.svg (GT atoms: [17, 18, 19])
2026-07-30 19:00:31,691 | INFO    | molsanity | [cell MUTAG__AttentiveFP__IntegratedGradients__random] DONE — acc=0.60 gt_auroc=0.054620281679105195 n=20 (capped)
2026-07-30 19:00:32,178 | INFO    | molsanity | [stage cell_BBBP__GINE__IntegratedGradients__scaffold] cache hit (b0eeac2093ebaa45) — skipping
2026-07-30 19:00:32,178 | INFO    | molsanity | [cell BBBP__GINE__IntegratedGradients__scaffold] DONE — acc=0.95 gt_auroc=nan n=100 (capped) [cached]
2026-07-30 19:00:32,546 | INFO    | molsanity | [stage cell_BBBP__GINE__IntegratedGradients__random] cache hit (1ea83cc1bc1c7ab8) — skipping
2026-07-30 19:00:32,547 | INFO    | molsanity | [cell BBBP__GINE__IntegratedGradients__random] DONE — acc=0.82 gt_auroc=nan n=100 (capped) [cached]
2026-07-30 19:00:32,990 | INFO    | molsanity | [stage cell_BBBP__GCN__IntegratedGradients__scaffold] cache hit (a27b541a0f37046f) — skipping
2026-07-30 19:00:32,990 | INFO    | molsanity | [cell BBBP__GCN__IntegratedGradients__scaffold] DONE — acc=0.98 gt_auroc=nan n=100 (capped) [cached]
2026-07-30 19:00:33,425 | INFO    | molsanity | [stage cell_BBBP__GCN__IntegratedGradients__random] cache hit (f437ea82ff469f68) — skipping
2026-07-30 19:00:33,426 | INFO    | molsanity | [cell BBBP__GCN__IntegratedGradients__random] DONE — acc=0.79 gt_auroc=nan n=100 (capped) [cached]
2026-07-30 19:00:33,941 | INFO    | molsanity | [stage cell_BBBP__GAT__IntegratedGradients__scaffold] cache hit (67bbc70838bcc886) — skipping
2026-07-30 19:00:33,942 | INFO    | molsanity | [cell BBBP__GAT__IntegratedGradients__scaffold] DONE — acc=0.98 gt_auroc=nan n=100 (capped) [cached]
2026-07-30 19:00:34,421 | INFO    | molsanity | [stage cell_BBBP__GAT__IntegratedGradients__random] cache hit (4145aea00ae4fb9a) — skipping
2026-07-30 19:00:34,421 | INFO    | molsanity | [cell BBBP__GAT__IntegratedGradients__random] DONE — acc=0.78 gt_auroc=nan n=100 (capped) [cached]
2026-07-30 19:00:34,858 | INFO    | molsanity | [stage cell_BBBP__MPNN__IntegratedGradients__scaffold] cache hit (2f3da4d860bae420) — skipping
2026-07-30 19:00:34,858 | INFO    | molsanity | [cell BBBP__MPNN__IntegratedGradients__scaffold] DONE — acc=0.95 gt_auroc=nan n=100 (capped) [cached]
2026-07-30 19:00:35,298 | INFO    | molsanity | [stage cell_BBBP__MPNN__IntegratedGradients__random] cache hit (452725639926ae74) — skipping
2026-07-30 19:00:35,298 | INFO    | molsanity | [cell BBBP__MPNN__IntegratedGradients__random] DONE — acc=0.84 gt_auroc=nan n=100 (capped) [cached]
2026-07-30 19:00:35,761 | INFO    | molsanity | [stage cell_BBBP__AttentiveFP__IntegratedGradients__scaffold] cache hit (b574bda81b5d3cac) — skipping
2026-07-30 19:00:35,761 | INFO    | molsanity | [cell BBBP__AttentiveFP__IntegratedGradients__scaffold] DONE — acc=0.95 gt_auroc=nan n=100 (capped) [cached]
2026-07-30 19:00:36,117 | INFO    | molsanity | [stage cell_BBBP__AttentiveFP__IntegratedGradients__random] cache hit (8f628afcf34e14c8) — skipping
2026-07-30 19:00:36,117 | INFO    | molsanity | [cell BBBP__AttentiveFP__IntegratedGradients__random] DONE — acc=0.77 gt_auroc=nan n=100 (capped) [cached]
2026-07-30 19:00:36,705 | INFO    | molsanity | [stage cell_BBBP__GINE__GNNExplainer__scaffold] cache hit (0a462f4adde82dcd) — skipping
2026-07-30 19:00:36,705 | INFO    | molsanity | [cell BBBP__GINE__GNNExplainer__scaffold] DONE — acc=0.95 gt_auroc=nan n=100 (capped) [cached]
2026-07-30 19:00:37,161 | INFO    | molsanity | [stage cell_BBBP__GINE__GNNExplainer__random] cache hit (74ed8eb9069ffaba) — skipping
2026-07-30 19:00:37,161 | INFO    | molsanity | [cell BBBP__GINE__GNNExplainer__random] DONE — acc=0.82 gt_auroc=nan n=100 (capped) [cached]
2026-07-30 19:00:37,165 | INFO    | molsanity | [stage cell_BBBP__GINE__PGExplainer__scaffold] running (aa1c5b790766559a)
2026-07-30 19:00:39,401 | INFO    | molsanity | BBBP checksum recorded: 37d8fa85e636
2026-07-30 19:00:39,401 | INFO    | molsanity | Loaded BBBP: 2039 graphs, checksum 37d8fa85e636
2026-07-30 19:00:42,598 | INFO    | molsanity | class-aware split: moved scaffold group (1 mols, class 0) from train to val for coverage
2026-07-30 19:00:42,599 | INFO    | molsanity | class-aware split: moved scaffold group (1 mols, class 0) from train to test for coverage
2026-07-30 19:00:42,599 | INFO    | molsanity | Scaffold split: 2038 scaffolds -> train 1629 / val 204 / test 206
2026-07-30 19:00:43,070 | INFO    | molsanity | Loaded existing checkpoint gine_5281be77a9e8e1fc.pt
2026-07-30 19:02:41,019 | INFO    | molsanity | PGExplainer trained on 200 graphs (30 epochs), final loss 0.8929
2026-07-30 19:03:52,487 | INFO    | molsanity | PGExplainer trained on 200 graphs (30 epochs), final loss 0.6075
2026-07-30 19:03:56,542 | INFO    | molsanity | Wrote GT-validation figure: artifacts/figures/BBBP__GINE__PGExplainer__scaffold/gt_validation.pdf (+ .svg)
2026-07-30 19:03:56,560 | INFO    | molsanity | Wrote molecule attribution SVG: artifacts/figures/BBBP__GINE__PGExplainer__scaffold/case_molecule.svg (GT atoms: [])
2026-07-30 19:03:56,642 | INFO    | molsanity | [cell BBBP__GINE__PGExplainer__scaffold] DONE — acc=0.95 gt_auroc=nan n=100 (capped)
2026-07-30 19:03:56,649 | INFO    | molsanity | [stage cell_BBBP__GINE__PGExplainer__random] running (33549ece1a79d082)
2026-07-30 19:03:57,079 | INFO    | molsanity | Loaded BBBP: 2039 graphs, checksum 37d8fa85e636
2026-07-30 19:03:57,615 | INFO    | molsanity | Loaded existing checkpoint gine_81524887c7adee3c.pt
2026-07-30 19:05:55,790 | INFO    | molsanity | PGExplainer trained on 200 graphs (30 epochs), final loss 0.6824
2026-07-30 19:07:08,420 | INFO    | molsanity | PGExplainer trained on 200 graphs (30 epochs), final loss 0.5832
2026-07-30 19:07:11,427 | INFO    | molsanity | Wrote GT-validation figure: artifacts/figures/BBBP__GINE__PGExplainer__random/gt_validation.pdf (+ .svg)
2026-07-30 19:07:11,437 | INFO    | molsanity | Wrote molecule attribution SVG: artifacts/figures/BBBP__GINE__PGExplainer__random/case_molecule.svg (GT atoms: [])
2026-07-30 19:07:11,483 | INFO    | molsanity | [cell BBBP__GINE__PGExplainer__random] DONE — acc=0.82 gt_auroc=nan n=100 (capped)
2026-07-30 19:07:11,945 | INFO    | molsanity | [stage cell_BACE__GINE__IntegratedGradients__scaffold] cache hit (f60c1a7b16d3bbc1) — skipping
2026-07-30 19:07:11,945 | INFO    | molsanity | [cell BACE__GINE__IntegratedGradients__scaffold] DONE — acc=0.34 gt_auroc=nan n=100 (capped) [cached]
2026-07-30 19:07:12,401 | INFO    | molsanity | [stage cell_BACE__GINE__IntegratedGradients__random] cache hit (d69eb96b7076beee) — skipping
2026-07-30 19:07:12,402 | INFO    | molsanity | [cell BACE__GINE__IntegratedGradients__random] DONE — acc=0.73 gt_auroc=nan n=100 (capped) [cached]
2026-07-30 19:07:12,864 | INFO    | molsanity | [stage cell_BACE__GCN__IntegratedGradients__scaffold] cache hit (1a6add1327f96869) — skipping
2026-07-30 19:07:12,865 | INFO    | molsanity | [cell BACE__GCN__IntegratedGradients__scaffold] DONE — acc=0.85 gt_auroc=nan n=100 (capped) [cached]
2026-07-30 19:07:13,316 | INFO    | molsanity | [stage cell_BACE__GCN__IntegratedGradients__random] cache hit (527bd7755c8f4cba) — skipping
2026-07-30 19:07:13,316 | INFO    | molsanity | [cell BACE__GCN__IntegratedGradients__random] DONE — acc=0.64 gt_auroc=nan n=100 (capped) [cached]
2026-07-30 19:07:13,666 | INFO    | molsanity | [stage cell_ESOL__GINE__IntegratedGradients__scaffold] cache hit (4a8ff2a98a292177) — skipping
2026-07-30 19:07:13,666 | INFO    | molsanity | [cell ESOL__GINE__IntegratedGradients__scaffold] DONE — rmse=0.929 r2=0.778 n=100 (capped) [cached]
2026-07-30 19:07:14,062 | INFO    | molsanity | [stage cell_ESOL__GINE__IntegratedGradients__random] cache hit (812236433e7064b8) — skipping
2026-07-30 19:07:14,062 | INFO    | molsanity | [cell ESOL__GINE__IntegratedGradients__random] DONE — rmse=0.788 r2=0.869 n=100 (capped) [cached]
2026-07-30 19:07:14,504 | INFO    | molsanity | [stage cell_ESOL__GCN__IntegratedGradients__scaffold] cache hit (85475148f6c05b3e) — skipping
2026-07-30 19:07:14,505 | INFO    | molsanity | [cell ESOL__GCN__IntegratedGradients__scaffold] DONE — rmse=1.017 r2=0.734 n=100 (capped) [cached]
2026-07-30 19:07:14,967 | INFO    | molsanity | [stage cell_ESOL__GCN__IntegratedGradients__random] cache hit (5a7c74e2a5a38b11) — skipping
2026-07-30 19:07:14,968 | INFO    | molsanity | [cell ESOL__GCN__IntegratedGradients__random] DONE — rmse=0.951 r2=0.809 n=100 (capped) [cached]
2026-07-30 19:07:15,503 | INFO    | molsanity | [stage cell_ESOL__GAT__IntegratedGradients__scaffold] cache hit (1805b29889960c8c) — skipping
2026-07-30 19:07:15,503 | INFO    | molsanity | [cell ESOL__GAT__IntegratedGradients__scaffold] DONE — rmse=0.793 r2=0.838 n=100 (capped) [cached]
2026-07-30 19:07:16,005 | INFO    | molsanity | [stage cell_ESOL__GAT__IntegratedGradients__random] cache hit (9178e2a6894c3db8) — skipping
2026-07-30 19:07:16,006 | INFO    | molsanity | [cell ESOL__GAT__IntegratedGradients__random] DONE — rmse=0.730 r2=0.888 n=100 (capped) [cached]
2026-07-30 19:07:16,530 | INFO    | molsanity | [stage cell_ESOL__GINE__GNNExplainer__scaffold] cache hit (cb25478a2a2584e6) — skipping
2026-07-30 19:07:16,530 | INFO    | molsanity | [cell ESOL__GINE__GNNExplainer__scaffold] DONE — rmse=0.929 r2=0.778 n=100 (capped) [cached]
2026-07-30 19:07:16,961 | INFO    | molsanity | [stage cell_ESOL__GINE__GNNExplainer__random] cache hit (6ef99a2596d10e9b) — skipping
2026-07-30 19:07:16,961 | INFO    | molsanity | [cell ESOL__GINE__GNNExplainer__random] DONE — rmse=0.788 r2=0.869 n=100 (capped) [cached]
2026-07-30 19:07:16,967 | INFO    | molsanity | [stage cell_FreeSolv__GINE__IntegratedGradients__scaffold] running (b47e6a0e409a49b0)
2026-07-30 19:07:17,712 | INFO    | molsanity | FreeSolv checksum recorded: d1510bda958c
2026-07-30 19:07:17,712 | INFO    | molsanity | Loaded FreeSolv: 642 graphs, checksum d1510bda958c
2026-07-30 19:07:18,499 | INFO    | molsanity | Scaffold split: 631 scaffolds -> train 513 / val 64 / test 65
2026-07-30 19:07:22,542 | INFO    | molsanity | Saved early checkpoint @epoch 30 -> gine_27781b40d90e5ab7_early.pt
2026-07-30 19:07:37,699 | INFO    | molsanity | Training done (regression): best val_rmse=1.136 @epoch 124 | test_rmse=1.304 test_r2=0.881
2026-07-30 19:07:37,716 | INFO    | molsanity | Saved checkpoint gine_27781b40d90e5ab7.pt
2026-07-30 19:08:23,454 | INFO    | molsanity | Wrote GT-validation figure: artifacts/figures/FreeSolv__GINE__IntegratedGradients__scaffold/gt_validation.pdf (+ .svg)
2026-07-30 19:08:23,465 | INFO    | molsanity | Wrote molecule attribution SVG: artifacts/figures/FreeSolv__GINE__IntegratedGradients__scaffold/case_molecule.svg (GT atoms: [])
2026-07-30 19:08:23,512 | INFO    | molsanity | [cell FreeSolv__GINE__IntegratedGradients__scaffold] DONE — rmse=1.304 r2=0.881 n=65 (capped)
2026-07-30 19:08:23,952 | INFO    | molsanity | [stage cell_FreeSolv__GINE__IntegratedGradients__random] cache hit (50c07b93379b19f7) — skipping
2026-07-30 19:08:23,952 | INFO    | molsanity | [cell FreeSolv__GINE__IntegratedGradients__random] DONE — rmse=1.486 r2=0.803 n=65 (capped) [cached]
2026-07-30 19:08:24,419 | INFO    | molsanity | [stage cell_Lipophilicity__GINE__IntegratedGradients__scaffold] cache hit (c62011a2780def91) — skipping
2026-07-30 19:08:24,419 | INFO    | molsanity | [cell Lipophilicity__GINE__IntegratedGradients__scaffold] DONE — rmse=0.749 r2=0.614 n=100 (capped) [cached]
2026-07-30 19:08:24,911 | INFO    | molsanity | [stage cell_Lipophilicity__GINE__IntegratedGradients__random] cache hit (474c70b8e9a6048c) — skipping
2026-07-30 19:08:24,912 | INFO    | molsanity | [cell Lipophilicity__GINE__IntegratedGradients__random] DONE — rmse=0.737 r2=0.617 n=100 (capped) [cached]
2026-07-30 19:08:25,247 | INFO    | molsanity | [stage cell_ClinTox__GINE__IntegratedGradients__scaffold] cache hit (4ad535a0d05af255) — skipping
2026-07-30 19:08:25,248 | INFO    | molsanity | [cell ClinTox__GINE__IntegratedGradients__scaffold] DONE — acc=0.80 gt_auroc=nan n=100 (capped) [cached]
2026-07-30 19:08:25,703 | INFO    | molsanity | [stage cell_ClinTox__GINE__IntegratedGradients__random] cache hit (7d18c4b428535ae7) — skipping
2026-07-30 19:08:25,704 | INFO    | molsanity | [cell ClinTox__GINE__IntegratedGradients__random] DONE — acc=0.71 gt_auroc=nan n=100 (capped) [cached]
2026-07-30 19:08:26,150 | INFO    | molsanity | [stage cell_ClinTox__GINE__GNNExplainer__scaffold] cache hit (78a2b53981cf6416) — skipping
2026-07-30 19:08:26,150 | INFO    | molsanity | [cell ClinTox__GINE__GNNExplainer__scaffold] DONE — acc=0.80 gt_auroc=nan n=100 (capped) [cached]
2026-07-30 19:08:26,590 | INFO    | molsanity | [stage cell_ClinTox__GINE__GNNExplainer__random] cache hit (6d45e73d67979899) — skipping
2026-07-30 19:08:26,590 | INFO    | molsanity | [cell ClinTox__GINE__GNNExplainer__random] DONE — acc=0.71 gt_auroc=nan n=100 (capped) [cached]
2026-07-30 19:08:26,891 | INFO    | molsanity | [stage cell_SIDER__GINE__IntegratedGradients__scaffold] cache hit (f0e135a5cbe9ed65) — skipping
2026-07-30 19:08:26,892 | INFO    | molsanity | [cell SIDER__GINE__IntegratedGradients__scaffold] DONE — acc=0.57 gt_auroc=nan n=100 (capped) [cached]
2026-07-30 19:08:27,238 | INFO    | molsanity | [stage cell_SIDER__GINE__IntegratedGradients__random] cache hit (911e5bb2b7143ae2) — skipping
2026-07-30 19:08:27,238 | INFO    | molsanity | [cell SIDER__GINE__IntegratedGradients__random] DONE — acc=0.71 gt_auroc=nan n=100 (capped) [cached]
2026-07-30 19:08:27,626 | INFO    | molsanity | [stage cell_SIDER__GCN__IntegratedGradients__scaffold] cache hit (b99aeda40fa02fa9) — skipping
2026-07-30 19:08:27,626 | INFO    | molsanity | [cell SIDER__GCN__IntegratedGradients__scaffold] DONE — acc=0.65 gt_auroc=nan n=100 (capped) [cached]
2026-07-30 19:08:28,047 | INFO    | molsanity | [stage cell_SIDER__GCN__IntegratedGradients__random] cache hit (802b8d1e22037900) — skipping
2026-07-30 19:08:28,047 | INFO    | molsanity | [cell SIDER__GCN__IntegratedGradients__random] DONE — acc=0.64 gt_auroc=nan n=100 (capped) [cached]
2026-07-30 19:08:28,403 | INFO    | molsanity | [stage cell_Tox21__GINE__IntegratedGradients__scaffold] cache hit (32a6cb9aab0d1c17) — skipping
2026-07-30 19:08:28,403 | INFO    | molsanity | [cell Tox21__GINE__IntegratedGradients__scaffold] DONE — acc=0.96 gt_auroc=nan n=100 (capped) [cached]
2026-07-30 19:08:28,702 | INFO    | molsanity | [stage cell_Tox21__GINE__IntegratedGradients__random] cache hit (80342e5b83f45c61) — skipping
2026-07-30 19:08:28,702 | INFO    | molsanity | [cell Tox21__GINE__IntegratedGradients__random] DONE — acc=0.97 gt_auroc=nan n=100 (capped) [cached]
2026-07-30 19:08:28,709 | INFO    | molsanity | [stage cell_BA-2Motifs__GINE__IntegratedGradients__scaffold] running (94c9353ddb80328a)
2026-07-30 19:08:29,911 | INFO    | molsanity | BA-2Motifs checksum recorded: fecc0a8aa094
2026-07-30 19:08:29,911 | INFO    | molsanity | Loaded BA-2Motifs: 1000 graphs, checksum fecc0a8aa094
2026-07-30 19:08:31,003 | INFO    | molsanity | class-aware split: moved scaffold group (1 mols, class 0) from train to val for coverage
2026-07-30 19:08:31,004 | INFO    | molsanity | class-aware split: moved scaffold group (1 mols, class 0) from train to test for coverage
2026-07-30 19:08:31,004 | INFO    | molsanity | Scaffold split: 996 scaffolds -> train 798 / val 101 / test 101
2026-07-30 19:08:36,574 | INFO    | molsanity | Saved early checkpoint @epoch 30 -> gine_5281be77a9e8e1fc_early.pt
2026-07-30 19:09:00,193 | INFO    | molsanity | Training done: best val_acc=1.000 @epoch 3 | test_acc=0.990 test_auc=0.990 T=0.363
2026-07-30 19:09:00,212 | INFO    | molsanity | Saved checkpoint gine_5281be77a9e8e1fc.pt
2026-07-30 19:10:10,455 | INFO    | molsanity | Wrote GT-validation figure: artifacts/figures/BA-2Motifs__GINE__IntegratedGradients__scaffold/gt_validation.pdf (+ .svg)
2026-07-30 19:10:10,456 | INFO    | molsanity | Skipping molecule SVG (no aligned mol for case_molecule.svg)
2026-07-30 19:10:10,500 | INFO    | molsanity | [cell BA-2Motifs__GINE__IntegratedGradients__scaffold] DONE — acc=0.99 gt_auroc=nan n=100 (capped)
2026-07-30 19:10:10,505 | INFO    | molsanity | [stage cell_BA-2Motifs__GINE__IntegratedGradients__random] running (4f72cad24f40eeb9)
2026-07-30 19:10:10,629 | INFO    | molsanity | Loaded BA-2Motifs: 1000 graphs, checksum fecc0a8aa094
2026-07-30 19:10:15,984 | INFO    | molsanity | Saved early checkpoint @epoch 30 -> gine_81524887c7adee3c_early.pt
2026-07-30 19:10:38,903 | INFO    | molsanity | Training done: best val_acc=1.000 @epoch 9 | test_acc=0.820 test_auc=1.000 T=0.453
2026-07-30 19:10:38,919 | INFO    | molsanity | Saved checkpoint gine_81524887c7adee3c.pt
2026-07-30 19:11:50,019 | INFO    | molsanity | Wrote GT-validation figure: artifacts/figures/BA-2Motifs__GINE__IntegratedGradients__random/gt_validation.pdf (+ .svg)
2026-07-30 19:11:50,021 | INFO    | molsanity | Skipping molecule SVG (no aligned mol for case_molecule.svg)
2026-07-30 19:11:50,085 | INFO    | molsanity | [cell BA-2Motifs__GINE__IntegratedGradients__random] DONE — acc=0.82 gt_auroc=nan n=100 (capped)
2026-07-30 19:11:50,093 | INFO    | molsanity | [stage cell_ShapeGGen__GINE__IntegratedGradients__scaffold] running (438e32441bc1e7f3)
2026-07-30 19:11:50,093 | WARNING | molsanity | [cell ShapeGGen__GINE__IntegratedGradients__scaffold] SKIPPED — ShapeGGen requires GraphXAI which is not installed (No module named 'graphxai'). Skipping and logging per Hard Rule 4.
2026-07-30 19:11:50,100 | INFO    | molsanity | [stage cell_ShapeGGen__GINE__IntegratedGradients__random] running (1fe2ca25854c768f)
2026-07-30 19:11:50,100 | WARNING | molsanity | [cell ShapeGGen__GINE__IntegratedGradients__random] SKIPPED — ShapeGGen requires GraphXAI which is not installed (No module named 'graphxai'). Skipping and logging per Hard Rule 4.
2026-07-30 19:11:50,540 | INFO    | molsanity | [stage cell_DILI__GINE__IntegratedGradients__scaffold] cache hit (b1337d4b15f33c4a) — skipping
2026-07-30 19:11:50,540 | INFO    | molsanity | [cell DILI__GINE__IntegratedGradients__scaffold] DONE — acc=0.69 gt_auroc=nan n=48 (capped) [cached]
2026-07-30 19:11:50,947 | INFO    | molsanity | [stage cell_DILI__GINE__IntegratedGradients__random] cache hit (5955e0fa3a6c8ed3) — skipping
2026-07-30 19:11:50,948 | INFO    | molsanity | [cell DILI__GINE__IntegratedGradients__random] DONE — acc=0.69 gt_auroc=nan n=48 (capped) [cached]
2026-07-30 19:11:51,299 | INFO    | molsanity | [stage cell_hERG__GINE__IntegratedGradients__scaffold] cache hit (c37e94b044d60e35) — skipping
2026-07-30 19:11:51,299 | INFO    | molsanity | [cell hERG__GINE__IntegratedGradients__scaffold] DONE — acc=0.73 gt_auroc=nan n=66 (capped) [cached]
2026-07-30 19:11:51,661 | INFO    | molsanity | [stage cell_hERG__GINE__IntegratedGradients__random] cache hit (6eae5f9d391e3015) — skipping
2026-07-30 19:11:51,662 | INFO    | molsanity | [cell hERG__GINE__IntegratedGradients__random] DONE — acc=0.80 gt_auroc=nan n=66 (capped) [cached]
2026-07-30 19:12:16,460 | INFO    | molsanity | Wrote BENCHMARK.md (86 cells)
2026-07-30 19:12:17,088 | INFO    | molsanity | Wrote BENCHMARK_GT.md (faithfulness-vs-ground-truth)
2026-07-30 19:12:17,638 | INFO    | molsanity | Wrote summary figure: artifacts/figures/_summary/attributor_gt_bar_MUTAG.pdf
2026-07-30 19:12:18,770 | INFO    | molsanity | Wrote summary figure: artifacts/figures/_summary/attributor_gt_bar_SynthMotifs.pdf
2026-07-30 19:12:19,364 | INFO    | molsanity | Wrote summary figure: artifacts/figures/_summary/faithfulness_stability_ecdf.pdf
2026-07-30 19:12:20,904 | INFO    | molsanity | Wrote summary figure: artifacts/figures/_summary/regime_stratification.pdf
2026-07-30 19:12:21,568 | INFO    | molsanity | Wrote rich figure: artifacts/figures/_summary/joint_faithful_correct.pdf
2026-07-30 19:12:21,956 | INFO    | molsanity | Wrote rich figure: artifacts/figures/_summary/raincloud_gt_MUTAG.pdf
2026-07-30 19:12:23,322 | INFO    | molsanity | Wrote rich figure: artifacts/figures/_summary/heatmap_gt.pdf
2026-07-30 19:12:26,024 | INFO    | molsanity | Wrote composite figure: artifacts/figures/_summary/results_composite.pdf
2026-07-30 19:12:26,080 | INFO    | molsanity | Loaded MUTAG: 188 graphs, checksum de1d4cec357f
2026-07-30 19:12:26,464 | INFO    | molsanity | Scaffold split: 52 scaffolds -> train 150 / val 18 / test 20
2026-07-30 19:12:26,901 | INFO    | molsanity | Loaded existing checkpoint gine_c98efc007771f38d.pt
2026-07-30 19:12:34,844 | INFO    | molsanity | Wrote molecule grid: artifacts/figures/_summary/molgrid_MUTAG.pdf
2026-07-30 19:12:35,194 | INFO    | molsanity | Generated SynthMotifs: 200 graphs (house/cycle), exact node GT
2026-07-30 19:12:35,203 | INFO    | molsanity | Loaded SynthMotifs: 200 graphs, checksum 30b91fad87ac
2026-07-30 19:12:35,527 | INFO    | molsanity | Scaffold split: 200 scaffolds -> train 160 / val 20 / test 20
2026-07-30 19:12:36,078 | INFO    | molsanity | Loaded existing checkpoint gine_c98efc007771f38d.pt
2026-07-30 19:12:43,342 | INFO    | molsanity | Wrote molecule grid: artifacts/figures/_summary/molgrid_SynthMotifs.pdf
2026-07-30 19:12:43,346 | INFO    | molsanity | Wrote 10 summary figure(s)
2026-07-30 19:12:43,940 | WARNING | molsanity | Dissociation figure generation failed: need two analysed regimes for the dissociation figure
2026-07-30 19:13:51,900 | INFO    | molsanity | Collected figures -> figures/ (256 files, 86 cells)
2026-07-30 19:13:51,900 | INFO    | molsanity | === Run complete: {'done': 86, 'failed': 0, 'skipped': 2, 'running': 0} ===
